05:16:21 | INFO     | fedchain                     | ==============================================================================
05:16:21 | INFO     | fedchain                     | FedChain :: exp0_local
05:16:21 | INFO     | fedchain                     | Local-only QLoRA: three isolated clients, no aggregation
05:16:21 | INFO     | fedchain                     | Config: /home/mann/FedChain/configs/exp0_local.yaml
05:16:21 | INFO     | fedchain                     | Model:  HuggingFaceTB/SmolLM2-360M-Instruct  [tier=smollm2-360m]
05:16:21 | INFO     | fedchain                     | Hugging Face Hub: authenticated via HF_TOKEN
05:16:21 | INFO     | fedchain                     | ==============================================================================
05:16:25 | INFO     | utils.common                 | Device: CUDA -> NVIDIA T600 Laptop GPU (4.00 GB VRAM, sm_75, bf16=True)
05:16:25 | INFO     | fedchain                     | Seed=43 | device=cuda
05:16:25 | INFO     | evaluation.eval_loss         | Evaluator ready | 500 loss samples | 50 generation samples | seq_len=512 | device=cuda
05:16:25 | INFO     | fedchain                     | ==============================================================================
05:16:25 | INFO     | fedchain                     | PIPELINE: federated learning | blockchain=False | ipfs=False
05:16:25 | INFO     | fedchain                     | ==============================================================================
05:16:25 | INFO     | trainer.sft                  | LocalTrainer ready | model=HuggingFaceTB/SmolLM2-360M-Instruct device=cuda 4bit=True seq_len=512 dry_run=False
05:16:25 | INFO     | trainer.federated            | FederatedOrchestrator ready | rounds=3 clients=3 blockchain=False ipfs=False checkpoint=True
05:16:25 | INFO     | utils.checkpoint             | No checkpoint at /home/mann/FedChain/outputs/smollm2-360m/seed_43/exp0_local/checkpoint.json; starting a fresh run.
05:16:26 | INFO     | trainer.federated            | 
05:16:26 | INFO     | trainer.federated            | ##############################################################################
05:16:26 | INFO     | trainer.federated            | # ROUND 1 / 3
05:16:26 | INFO     | trainer.federated            | ##############################################################################
05:16:26 | INFO     | trainer.sft                  | ==============================================================================
05:16:26 | INFO     | trainer.sft                  | Training client_1@r1 | shard=client1.jsonl | epochs=1.00 | window=[0, 500)
05:16:26 | INFO     | trainer.sft                  | ==============================================================================
05:16:28 | INFO     | trainer.sft                  | Loaded client1.jsonl: 500 samples (offset=0, 4837 available) from 1 shard(s)
05:16:28 | INFO     | trainer.sft                  | Loading base model HuggingFaceTB/SmolLM2-360M-Instruct (4bit=True, dtype=torch.bfloat16) ...
05:16:29 | INFO     | trainer.sft                  | Base model load took 1.32s
05:16:30 | INFO     | trainer.sft                  | LoRA attached: 8,683,520 trainable / 213,218,240 total parameters (4.0726%)
05:16:30 | INFO     | trainer.sft                  | Optimisation plan: 500 samples, effective batch 8, ~63 step(s) over 1.00 epoch(s)
05:16:31 | INFO     | trainer.sft                  | Starting local optimisation via trl.SFTTrainer ...
05:23:36 | INFO     | trainer.sft                  | client_1@r1 finished in 7m 09.8s | train_loss=2.1033 | peak VRAM=727.0 MB
05:23:37 | INFO     | trainer.sft                  | ==============================================================================
05:23:37 | INFO     | trainer.sft                  | Training client_2@r1 | shard=client2.jsonl | epochs=1.00 | window=[0, 500)
05:23:37 | INFO     | trainer.sft                  | ==============================================================================
05:23:38 | INFO     | trainer.sft                  | Loaded client2.jsonl: 500 samples (offset=0, 4837 available) from 1 shard(s)
05:23:38 | INFO     | trainer.sft                  | Loading base model HuggingFaceTB/SmolLM2-360M-Instruct (4bit=True, dtype=torch.bfloat16) ...
05:23:40 | INFO     | trainer.sft                  | Base model load took 1.34s
05:23:40 | INFO     | trainer.sft                  | LoRA attached: 8,683,520 trainable / 213,218,240 total parameters (4.0726%)
05:23:40 | INFO     | trainer.sft                  | Optimisation plan: 500 samples, effective batch 8, ~63 step(s) over 1.00 epoch(s)
05:23:41 | INFO     | trainer.sft                  | Starting local optimisation via trl.SFTTrainer ...
05:30:58 | INFO     | trainer.sft                  | client_2@r1 finished in 7m 21.2s | train_loss=2.0771 | peak VRAM=908.58 MB
05:31:00 | INFO     | trainer.sft                  | ==============================================================================
05:31:00 | INFO     | trainer.sft                  | Training client_3@r1 | shard=client3.jsonl | epochs=1.00 | window=[0, 500)
05:31:00 | INFO     | trainer.sft                  | ==============================================================================
05:31:01 | INFO     | trainer.sft                  | Loaded client3.jsonl: 500 samples (offset=0, 4837 available) from 1 shard(s)
05:31:01 | INFO     | trainer.sft                  | Loading base model HuggingFaceTB/SmolLM2-360M-Instruct (4bit=True, dtype=torch.bfloat16) ...
05:31:02 | INFO     | trainer.sft                  | Base model load took 1.38s
05:31:02 | INFO     | trainer.sft                  | LoRA attached: 8,683,520 trainable / 213,218,240 total parameters (4.0726%)
05:31:02 | INFO     | trainer.sft                  | Optimisation plan: 500 samples, effective batch 8, ~63 step(s) over 1.00 epoch(s)
05:31:03 | INFO     | trainer.sft                  | Starting local optimisation via trl.SFTTrainer ...
05:38:28 | INFO     | trainer.sft                  | client_3@r1 finished in 7m 28.2s | train_loss=2.1043 | peak VRAM=1088.51 MB
05:38:29 | INFO     | trainer.federated            | Round 1 done in 22m 03.8s | comm=99.734 MB | evaluation skipped
05:38:29 | INFO     | trainer.federated            | 
05:38:29 | INFO     | trainer.federated            | ##############################################################################
05:38:29 | INFO     | trainer.federated            | # ROUND 2 / 3
05:38:29 | INFO     | trainer.federated            | ##############################################################################
05:38:29 | INFO     | trainer.sft                  | ==============================================================================
05:38:29 | INFO     | trainer.sft                  | Training client_1@r2 | shard=client1.jsonl | epochs=1.00 | window=[500, 1000)
05:38:29 | INFO     | trainer.sft                  | ==============================================================================
05:38:31 | INFO     | trainer.sft                  | Loaded client1.jsonl: 500 samples (offset=500, 4837 available) from 1 shard(s)
05:38:31 | INFO     | trainer.sft                  | Loading base model HuggingFaceTB/SmolLM2-360M-Instruct (4bit=True, dtype=torch.bfloat16) ...
05:38:32 | INFO     | trainer.sft                  | Base model load took 1.42s
05:38:32 | INFO     | trainer.sft                  | Resuming from the global adapter at /home/mann/FedChain/outputs/smollm2-360m/seed_43/exp0_local/round_1/client_1
05:38:32 | INFO     | trainer.sft                  | LoRA attached: 8,683,520 trainable / 213,218,240 total parameters (4.0726%)
05:38:32 | INFO     | trainer.sft                  | Optimisation plan: 500 samples, effective batch 8, ~63 step(s) over 1.00 epoch(s)
05:38:33 | INFO     | trainer.sft                  | Starting local optimisation via trl.SFTTrainer ...
05:45:35 | INFO     | trainer.sft                  | client_1@r2 finished in 7m 05.6s | train_loss=1.9983 | peak VRAM=1267.37 MB
05:45:37 | INFO     | trainer.sft                  | ==============================================================================
05:45:37 | INFO     | trainer.sft                  | Training client_2@r2 | shard=client2.jsonl | epochs=1.00 | window=[500, 1000)
05:45:37 | INFO     | trainer.sft                  | ==============================================================================
05:45:38 | INFO     | trainer.sft                  | Loaded client2.jsonl: 500 samples (offset=500, 4837 available) from 1 shard(s)
05:45:38 | INFO     | trainer.sft                  | Loading base model HuggingFaceTB/SmolLM2-360M-Instruct (4bit=True, dtype=torch.bfloat16) ...
05:45:39 | INFO     | trainer.sft                  | Base model load took 1.49s
05:45:39 | INFO     | trainer.sft                  | Resuming from the global adapter at /home/mann/FedChain/outputs/smollm2-360m/seed_43/exp0_local/round_1/client_2
05:45:40 | INFO     | trainer.sft                  | LoRA attached: 8,683,520 trainable / 213,218,240 total parameters (4.0726%)
05:45:40 | INFO     | trainer.sft                  | Optimisation plan: 500 samples, effective batch 8, ~63 step(s) over 1.00 epoch(s)
05:45:40 | INFO     | trainer.sft                  | Starting local optimisation via trl.SFTTrainer ...
05:53:08 | INFO     | trainer.sft                  | client_2@r2 finished in 7m 31.3s | train_loss=2.0329 | peak VRAM=1447.1 MB
05:53:09 | INFO     | trainer.sft                  | ==============================================================================
05:53:09 | INFO     | trainer.sft                  | Training client_3@r2 | shard=client3.jsonl | epochs=1.00 | window=[500, 1000)
05:53:09 | INFO     | trainer.sft                  | ==============================================================================
05:53:10 | INFO     | trainer.sft                  | Loaded client3.jsonl: 500 samples (offset=500, 4837 available) from 1 shard(s)
05:53:10 | INFO     | trainer.sft                  | Loading base model HuggingFaceTB/SmolLM2-360M-Instruct (4bit=True, dtype=torch.bfloat16) ...
05:53:12 | INFO     | trainer.sft                  | Base model load took 1.40s
05:53:12 | INFO     | trainer.sft                  | Resuming from the global adapter at /home/mann/FedChain/outputs/smollm2-360m/seed_43/exp0_local/round_1/client_3
05:53:12 | INFO     | trainer.sft                  | LoRA attached: 8,683,520 trainable / 213,218,240 total parameters (4.0726%)
05:53:12 | INFO     | trainer.sft                  | Optimisation plan: 500 samples, effective batch 8, ~63 step(s) over 1.00 epoch(s)
05:53:13 | INFO     | trainer.sft                  | Starting local optimisation via trl.SFTTrainer ...
06:00:29 | INFO     | trainer.sft                  | client_3@r2 finished in 7m 19.0s | train_loss=2.0212 | peak VRAM=1627.39 MB
06:00:30 | INFO     | trainer.federated            | Round 2 done in 22m 00.5s | comm=99.734 MB | evaluation skipped
06:00:30 | INFO     | trainer.federated            | 
06:00:30 | INFO     | trainer.federated            | ##############################################################################
06:00:30 | INFO     | trainer.federated            | # ROUND 3 / 3
06:00:30 | INFO     | trainer.federated            | ##############################################################################
06:00:30 | INFO     | trainer.sft                  | ==============================================================================
06:00:30 | INFO     | trainer.sft                  | Training client_1@r3 | shard=client1.jsonl | epochs=1.00 | window=[1000, 1500)
06:00:30 | INFO     | trainer.sft                  | ==============================================================================
06:00:31 | INFO     | trainer.sft                  | Loaded client1.jsonl: 500 samples (offset=1000, 4837 available) from 1 shard(s)
06:00:31 | INFO     | trainer.sft                  | Loading base model HuggingFaceTB/SmolLM2-360M-Instruct (4bit=True, dtype=torch.bfloat16) ...
06:00:33 | INFO     | trainer.sft                  | Base model load took 1.47s
06:00:33 | INFO     | trainer.sft                  | Resuming from the global adapter at /home/mann/FedChain/outputs/smollm2-360m/seed_43/exp0_local/round_2/client_1
06:00:33 | INFO     | trainer.sft                  | LoRA attached: 8,683,520 trainable / 213,218,240 total parameters (4.0726%)
06:00:33 | INFO     | trainer.sft                  | Optimisation plan: 500 samples, effective batch 8, ~63 step(s) over 1.00 epoch(s)
06:00:34 | INFO     | trainer.sft                  | Starting local optimisation via trl.SFTTrainer ...
06:07:35 | INFO     | trainer.sft                  | client_1@r3 finished in 7m 04.4s | train_loss=2.0028 | peak VRAM=1808.17 MB
06:07:36 | INFO     | trainer.sft                  | ==============================================================================
06:07:36 | INFO     | trainer.sft                  | Training client_2@r3 | shard=client2.jsonl | epochs=1.00 | window=[1000, 1500)
06:07:36 | INFO     | trainer.sft                  | ==============================================================================
06:07:37 | INFO     | trainer.sft                  | Loaded client2.jsonl: 500 samples (offset=1000, 4837 available) from 1 shard(s)
06:07:37 | INFO     | trainer.sft                  | Loading base model HuggingFaceTB/SmolLM2-360M-Instruct (4bit=True, dtype=torch.bfloat16) ...
06:07:39 | INFO     | trainer.sft                  | Base model load took 1.41s
06:07:39 | INFO     | trainer.sft                  | Resuming from the global adapter at /home/mann/FedChain/outputs/smollm2-360m/seed_43/exp0_local/round_2/client_2
06:07:39 | INFO     | trainer.sft                  | LoRA attached: 8,683,520 trainable / 213,218,240 total parameters (4.0726%)
06:07:39 | INFO     | trainer.sft                  | Optimisation plan: 500 samples, effective batch 8, ~63 step(s) over 1.00 epoch(s)
06:07:40 | INFO     | trainer.sft                  | Starting local optimisation via trl.SFTTrainer ...
06:14:58 | INFO     | trainer.sft                  | client_2@r3 finished in 7m 21.6s | train_loss=2.0130 | peak VRAM=1986.89 MB
06:14:59 | INFO     | trainer.sft                  | ==============================================================================
06:14:59 | INFO     | trainer.sft                  | Training client_3@r3 | shard=client3.jsonl | epochs=1.00 | window=[1000, 1500)
06:14:59 | INFO     | trainer.sft                  | ==============================================================================
06:15:00 | INFO     | trainer.sft                  | Loaded client3.jsonl: 500 samples (offset=1000, 4837 available) from 1 shard(s)
06:15:00 | INFO     | trainer.sft                  | Loading base model HuggingFaceTB/SmolLM2-360M-Instruct (4bit=True, dtype=torch.bfloat16) ...
06:15:01 | INFO     | trainer.sft                  | Base model load took 1.30s
06:15:01 | INFO     | trainer.sft                  | Resuming from the global adapter at /home/mann/FedChain/outputs/smollm2-360m/seed_43/exp0_local/round_2/client_3
06:15:02 | INFO     | trainer.sft                  | LoRA attached: 8,683,520 trainable / 213,218,240 total parameters (4.0726%)
06:15:02 | INFO     | trainer.sft                  | Optimisation plan: 500 samples, effective batch 8, ~63 step(s) over 1.00 epoch(s)
06:15:03 | INFO     | trainer.sft                  | Starting local optimisation via trl.SFTTrainer ...
06:22:32 | INFO     | trainer.sft                  | client_3@r3 finished in 7m 32.4s | train_loss=2.0264 | peak VRAM=2167.59 MB
06:22:33 | INFO     | trainer.federated            | Round 3 done in 22m 02.8s | comm=99.734 MB | evaluation skipped
06:22:34 | INFO     | evaluation.eval_loss         | Evaluation split: 500 samples from eval_500.jsonl
06:22:37 | INFO     | evaluation.eval_loss         | Evaluation base model load took 1.32s
06:22:37 | INFO     | evaluation.eval_loss         | Attaching adapter /home/mann/FedChain/outputs/smollm2-360m/seed_43/exp0_local/round_3/client_1
06:22:37 | INFO     | evaluation.eval_loss         | Scoring 500 evaluation samples for loss ...
06:22:59 | INFO     | evaluation.eval_loss         |   100/500 scored | running loss=1.9990 ppl=7.3819
06:23:18 | INFO     | evaluation.eval_loss         |   200/500 scored | running loss=2.0161 ppl=7.5090
06:23:39 | INFO     | evaluation.eval_loss         |   300/500 scored | running loss=1.9946 ppl=7.3491
06:24:01 | INFO     | evaluation.eval_loss         |   400/500 scored | running loss=2.0059 ppl=7.4330
06:24:22 | INFO     | evaluation.eval_loss         |   500/500 scored | running loss=2.0247 ppl=7.5741
06:24:22 | INFO     | evaluation.eval_loss         | Generating 50 responses for ROUGE-L / BLEU ...
06:25:11 | INFO     | evaluation.eval_loss         |   generated 10/50
06:26:17 | INFO     | evaluation.eval_loss         |   generated 20/50
06:26:46 | INFO     | evaluation.eval_loss         |   generated 30/50
06:27:56 | INFO     | evaluation.eval_loss         |   generated 40/50
06:28:52 | INFO     | evaluation.eval_loss         |   generated 50/50
06:28:54 | WARNING  | evaluation.eval_loss         | The `evaluate` library failed to score (To be able to use evaluate-metric/rouge, you need to install the following dependencies['nltk'] using 'pip install nltk' for instance'); using the built-in implementation.
06:28:54 | INFO     | evaluation.eval_loss         | Generation quality over 50 samples: ROUGE-L=0.2535 BLEU=0.0484 (backend=builtin, 4m 30.5s)
06:28:54 | INFO     | evaluation.eval_loss         | Evaluation: loss=2.0247 ppl=7.5741 rougeL=0.2535 bleu=0.0484 over 88,069 tokens in 6m 20.6s
06:28:57 | INFO     | evaluation.eval_loss         | Evaluation base model load took 1.45s
06:28:57 | INFO     | evaluation.eval_loss         | Attaching adapter /home/mann/FedChain/outputs/smollm2-360m/seed_43/exp0_local/round_3/client_2
06:28:57 | INFO     | evaluation.eval_loss         | Scoring 500 evaluation samples for loss ...
06:29:18 | INFO     | evaluation.eval_loss         |   100/500 scored | running loss=2.0009 ppl=7.3959
06:29:38 | INFO     | evaluation.eval_loss         |   200/500 scored | running loss=2.0158 ppl=7.5067
06:29:57 | INFO     | evaluation.eval_loss         |   300/500 scored | running loss=1.9938 ppl=7.3432
06:30:20 | INFO     | evaluation.eval_loss         |   400/500 scored | running loss=2.0044 ppl=7.4216
06:30:41 | INFO     | evaluation.eval_loss         |   500/500 scored | running loss=2.0228 ppl=7.5591
06:30:41 | INFO     | evaluation.eval_loss         | Generating 50 responses for ROUGE-L / BLEU ...
06:31:27 | INFO     | evaluation.eval_loss         |   generated 10/50
06:32:34 | INFO     | evaluation.eval_loss         |   generated 20/50
06:33:00 | INFO     | evaluation.eval_loss         |   generated 30/50
06:34:00 | INFO     | evaluation.eval_loss         |   generated 40/50
06:34:42 | INFO     | evaluation.eval_loss         |   generated 50/50
06:34:42 | INFO     | evaluation.eval_loss         | Generation quality over 50 samples: ROUGE-L=0.2650 BLEU=0.0461 (backend=builtin, 4m 01.1s)
06:34:42 | INFO     | evaluation.eval_loss         | Evaluation: loss=2.0228 ppl=7.5591 rougeL=0.2650 bleu=0.0461 over 88,069 tokens in 5m 47.2s
06:34:45 | INFO     | evaluation.eval_loss         | Evaluation base model load took 1.41s
06:34:45 | INFO     | evaluation.eval_loss         | Attaching adapter /home/mann/FedChain/outputs/smollm2-360m/seed_43/exp0_local/round_3/client_3
06:34:45 | INFO     | evaluation.eval_loss         | Scoring 500 evaluation samples for loss ...
06:35:07 | INFO     | evaluation.eval_loss         |   100/500 scored | running loss=1.9983 ppl=7.3767
06:35:26 | INFO     | evaluation.eval_loss         |   200/500 scored | running loss=2.0151 ppl=7.5015
06:35:46 | INFO     | evaluation.eval_loss         |   300/500 scored | running loss=1.9936 ppl=7.3416
06:36:08 | INFO     | evaluation.eval_loss         |   400/500 scored | running loss=2.0040 ppl=7.4190
06:36:29 | INFO     | evaluation.eval_loss         |   500/500 scored | running loss=2.0225 ppl=7.5574
06:36:29 | INFO     | evaluation.eval_loss         | Generating 50 responses for ROUGE-L / BLEU ...
06:37:05 | INFO     | evaluation.eval_loss         |   generated 10/50
06:37:58 | INFO     | evaluation.eval_loss         |   generated 20/50
06:38:24 | INFO     | evaluation.eval_loss         |   generated 30/50
06:39:41 | INFO     | evaluation.eval_loss         |   generated 40/50
06:40:25 | INFO     | evaluation.eval_loss         |   generated 50/50
06:40:25 | INFO     | evaluation.eval_loss         | Generation quality over 50 samples: ROUGE-L=0.2428 BLEU=0.0447 (backend=builtin, 3m 56.6s)
06:40:25 | INFO     | evaluation.eval_loss         | Evaluation: loss=2.0225 ppl=7.5574 rougeL=0.2428 bleu=0.0447 over 88,069 tokens in 5m 41.9s
06:40:26 | INFO     | trainer.federated            | ==============================================================================
06:40:26 | INFO     | trainer.federated            | Federated run complete: 3 round(s) in 1h 06m 07.5s | comm=299.202 MB | train=1h 05m 53.5s
06:40:26 | INFO     | trainer.federated            | ==============================================================================
06:40:27 | INFO     | fedchain                     | Local-only ablation: reporting the per-client mean over 3 client(s) instead of a single adapter.
06:40:27 | INFO     | fedchain                     | ------------------------------------------------------------------------------
06:40:27 | INFO     | fedchain                     | COLLECTED METRICS
06:40:27 | INFO     | fedchain                     | ------------------------------------------------------------------------------
06:40:27 | INFO     | fedchain                     |   validation_loss               : 2.0233
06:40:27 | INFO     | fedchain                     |   perplexity                    : 7.5635
06:40:27 | INFO     | fedchain                     |   rouge_l                       : 0.2538
06:40:27 | INFO     | fedchain                     |   bleu                          : 0.0464
06:40:27 | INFO     | fedchain                     |   training_time_sec             : 3953.50
06:40:27 | INFO     | fedchain                     |   communication_volume_mb       : 299.202
06:40:27 | INFO     | fedchain                     |   adapter_size_mb               : 16.622
06:40:27 | INFO     | fedchain                     |   blockchain_tx_latency_sec     : 0.0000
06:40:27 | INFO     | fedchain                     |   blockchain_gas_used           : 0
06:40:27 | INFO     | fedchain                     |   ipfs_upload_latency_sec       : 0.0000
06:40:27 | INFO     | fedchain                     |   ipfs_download_latency_sec     : 0.0000
06:40:27 | INFO     | fedchain                     |   aggregation_time_sec          : 0.0000
06:40:27 | INFO     | fedchain                     |   end_to_end_round_duration_sec : 1322.36
06:40:27 | INFO     | fedchain                     |   total_round_time_sec          : 3967.07
06:40:27 | INFO     | fedchain                     | ------------------------------------------------------------------------------
06:40:27 | INFO     | fedchain                     | Detailed JSON report written to /home/mann/FedChain/results/smollm2-360m/seed_43/exp0_local_metrics.json
