12:04:31 | INFO     | fedchain                     | ==============================================================================
12:04:31 | INFO     | fedchain                     | FedChain :: exp0_local
12:04:31 | INFO     | fedchain                     | Local-only QLoRA: three isolated clients, no aggregation
12:04:31 | INFO     | fedchain                     | Config: /home/mann/FedChain/configs/exp0_local.yaml
12:04:31 | INFO     | fedchain                     | Model:  HuggingFaceTB/SmolLM2-360M-Instruct  [tier=smollm2-360m]
12:04:31 | INFO     | fedchain                     | Hugging Face Hub: authenticated via HF_TOKEN
12:04:31 | INFO     | fedchain                     | ==============================================================================
12:04:38 | INFO     | utils.common                 | Device: CUDA -> NVIDIA T600 Laptop GPU (4.00 GB VRAM, sm_75, bf16=True)
12:04:38 | INFO     | fedchain                     | Seed=44 | device=cuda
12:04:38 | INFO     | evaluation.eval_loss         | Evaluator ready | 500 loss samples | 50 generation samples | seq_len=512 | device=cuda
12:04:38 | INFO     | fedchain                     | ==============================================================================
12:04:38 | INFO     | fedchain                     | PIPELINE: federated learning | blockchain=False | ipfs=False
12:04:38 | INFO     | fedchain                     | ==============================================================================
12:04:38 | INFO     | trainer.sft                  | LocalTrainer ready | model=HuggingFaceTB/SmolLM2-360M-Instruct device=cuda 4bit=True seq_len=512 dry_run=False
12:04:38 | INFO     | trainer.federated            | FederatedOrchestrator ready | rounds=3 clients=3 blockchain=False ipfs=False checkpoint=True
12:04:38 | INFO     | utils.checkpoint             | No checkpoint at /home/mann/FedChain/outputs/smollm2-360m/seed_44/exp0_local/checkpoint.json; starting a fresh run.
12:04:38 | INFO     | trainer.federated            | 
12:04:38 | INFO     | trainer.federated            | ##############################################################################
12:04:38 | INFO     | trainer.federated            | # ROUND 1 / 3
12:04:38 | INFO     | trainer.federated            | ##############################################################################
12:04:38 | INFO     | trainer.sft                  | ==============================================================================
12:04:38 | INFO     | trainer.sft                  | Training client_1@r1 | shard=client1.jsonl | epochs=1.00 | window=[0, 500)
12:04:38 | INFO     | trainer.sft                  | ==============================================================================
12:04:41 | INFO     | trainer.sft                  | Loaded client1.jsonl: 500 samples (offset=0, 4837 available) from 1 shard(s)
12:04:41 | INFO     | trainer.sft                  | Loading base model HuggingFaceTB/SmolLM2-360M-Instruct (4bit=True, dtype=torch.bfloat16) ...
12:04:42 | INFO     | trainer.sft                  | Base model load took 1.42s
12:04:43 | INFO     | trainer.sft                  | LoRA attached: 8,683,520 trainable / 213,218,240 total parameters (4.0726%)
12:04:43 | INFO     | trainer.sft                  | Optimisation plan: 500 samples, effective batch 8, ~63 step(s) over 1.00 epoch(s)
12:04:44 | INFO     | trainer.sft                  | Starting local optimisation via trl.SFTTrainer ...
12:12:11 | INFO     | trainer.sft                  | client_1@r1 finished in 7m 32.2s | train_loss=2.1009 | peak VRAM=726.66 MB
12:12:12 | INFO     | trainer.sft                  | ==============================================================================
12:12:12 | INFO     | trainer.sft                  | Training client_2@r1 | shard=client2.jsonl | epochs=1.00 | window=[0, 500)
12:12:12 | INFO     | trainer.sft                  | ==============================================================================
12:12:13 | INFO     | trainer.sft                  | Loaded client2.jsonl: 500 samples (offset=0, 4837 available) from 1 shard(s)
12:12:13 | INFO     | trainer.sft                  | Loading base model HuggingFaceTB/SmolLM2-360M-Instruct (4bit=True, dtype=torch.bfloat16) ...
12:12:15 | INFO     | trainer.sft                  | Base model load took 1.51s
12:12:15 | INFO     | trainer.sft                  | LoRA attached: 8,683,520 trainable / 213,218,240 total parameters (4.0726%)
12:12:15 | INFO     | trainer.sft                  | Optimisation plan: 500 samples, effective batch 8, ~63 step(s) over 1.00 epoch(s)
12:12:16 | INFO     | trainer.sft                  | Starting local optimisation via trl.SFTTrainer ...
12:19:53 | INFO     | trainer.sft                  | client_2@r1 finished in 7m 41.0s | train_loss=2.0867 | peak VRAM=908.57 MB
12:19:55 | INFO     | trainer.sft                  | ==============================================================================
12:19:55 | INFO     | trainer.sft                  | Training client_3@r1 | shard=client3.jsonl | epochs=1.00 | window=[0, 500)
12:19:55 | INFO     | trainer.sft                  | ==============================================================================
12:19:56 | INFO     | trainer.sft                  | Loaded client3.jsonl: 500 samples (offset=0, 4837 available) from 1 shard(s)
12:19:56 | INFO     | trainer.sft                  | Loading base model HuggingFaceTB/SmolLM2-360M-Instruct (4bit=True, dtype=torch.bfloat16) ...
12:19:58 | INFO     | trainer.sft                  | Base model load took 1.67s
12:19:58 | INFO     | trainer.sft                  | LoRA attached: 8,683,520 trainable / 213,218,240 total parameters (4.0726%)
12:19:58 | INFO     | trainer.sft                  | Optimisation plan: 500 samples, effective batch 8, ~63 step(s) over 1.00 epoch(s)
12:19:59 | INFO     | trainer.sft                  | Starting local optimisation via trl.SFTTrainer ...
12:27:39 | INFO     | trainer.sft                  | client_3@r1 finished in 7m 44.1s | train_loss=2.1114 | peak VRAM=1088.17 MB
12:27:40 | INFO     | trainer.federated            | Round 1 done in 23m 02.0s | comm=99.734 MB | evaluation skipped
12:27:40 | INFO     | trainer.federated            | 
12:27:40 | INFO     | trainer.federated            | ##############################################################################
12:27:40 | INFO     | trainer.federated            | # ROUND 2 / 3
12:27:40 | INFO     | trainer.federated            | ##############################################################################
12:27:40 | INFO     | trainer.sft                  | ==============================================================================
12:27:40 | INFO     | trainer.sft                  | Training client_1@r2 | shard=client1.jsonl | epochs=1.00 | window=[500, 1000)
12:27:40 | INFO     | trainer.sft                  | ==============================================================================
12:27:42 | INFO     | trainer.sft                  | Loaded client1.jsonl: 500 samples (offset=500, 4837 available) from 1 shard(s)
12:27:42 | INFO     | trainer.sft                  | Loading base model HuggingFaceTB/SmolLM2-360M-Instruct (4bit=True, dtype=torch.bfloat16) ...
12:27:43 | INFO     | trainer.sft                  | Base model load took 1.46s
12:27:43 | INFO     | trainer.sft                  | Resuming from the global adapter at /home/mann/FedChain/outputs/smollm2-360m/seed_44/exp0_local/round_1/client_1
12:27:43 | INFO     | trainer.sft                  | LoRA attached: 8,683,520 trainable / 213,218,240 total parameters (4.0726%)
12:27:43 | INFO     | trainer.sft                  | Optimisation plan: 500 samples, effective batch 8, ~63 step(s) over 1.00 epoch(s)
12:27:44 | INFO     | trainer.sft                  | Starting local optimisation via trl.SFTTrainer ...
12:35:01 | INFO     | trainer.sft                  | client_1@r2 finished in 7m 20.1s | train_loss=2.0090 | peak VRAM=1268.37 MB
12:35:02 | INFO     | trainer.sft                  | ==============================================================================
12:35:02 | INFO     | trainer.sft                  | Training client_2@r2 | shard=client2.jsonl | epochs=1.00 | window=[500, 1000)
12:35:02 | INFO     | trainer.sft                  | ==============================================================================
12:35:03 | INFO     | trainer.sft                  | Loaded client2.jsonl: 500 samples (offset=500, 4837 available) from 1 shard(s)
12:35:03 | INFO     | trainer.sft                  | Loading base model HuggingFaceTB/SmolLM2-360M-Instruct (4bit=True, dtype=torch.bfloat16) ...
12:35:05 | INFO     | trainer.sft                  | Base model load took 1.44s
12:35:05 | INFO     | trainer.sft                  | Resuming from the global adapter at /home/mann/FedChain/outputs/smollm2-360m/seed_44/exp0_local/round_1/client_2
12:35:05 | INFO     | trainer.sft                  | LoRA attached: 8,683,520 trainable / 213,218,240 total parameters (4.0726%)
12:35:05 | INFO     | trainer.sft                  | Optimisation plan: 500 samples, effective batch 8, ~63 step(s) over 1.00 epoch(s)
12:35:06 | INFO     | trainer.sft                  | Starting local optimisation via trl.SFTTrainer ...
12:42:55 | INFO     | trainer.sft                  | client_2@r2 finished in 7m 52.8s | train_loss=2.0353 | peak VRAM=1447.77 MB
12:42:56 | INFO     | trainer.sft                  | ==============================================================================
12:42:56 | INFO     | trainer.sft                  | Training client_3@r2 | shard=client3.jsonl | epochs=1.00 | window=[500, 1000)
12:42:56 | INFO     | trainer.sft                  | ==============================================================================
12:42:57 | INFO     | trainer.sft                  | Loaded client3.jsonl: 500 samples (offset=500, 4837 available) from 1 shard(s)
12:42:57 | INFO     | trainer.sft                  | Loading base model HuggingFaceTB/SmolLM2-360M-Instruct (4bit=True, dtype=torch.bfloat16) ...
12:42:59 | INFO     | trainer.sft                  | Base model load took 1.48s
12:42:59 | INFO     | trainer.sft                  | Resuming from the global adapter at /home/mann/FedChain/outputs/smollm2-360m/seed_44/exp0_local/round_1/client_3
12:42:59 | INFO     | trainer.sft                  | LoRA attached: 8,683,520 trainable / 213,218,240 total parameters (4.0726%)
12:42:59 | INFO     | trainer.sft                  | Optimisation plan: 500 samples, effective batch 8, ~63 step(s) over 1.00 epoch(s)
12:43:00 | INFO     | trainer.sft                  | Starting local optimisation via trl.SFTTrainer ...
12:50:43 | INFO     | trainer.sft                  | client_3@r2 finished in 7m 46.7s | train_loss=2.0251 | peak VRAM=1627.38 MB
12:50:44 | INFO     | trainer.federated            | Round 2 done in 23m 03.9s | comm=99.734 MB | evaluation skipped
12:50:44 | INFO     | trainer.federated            | 
12:50:44 | INFO     | trainer.federated            | ##############################################################################
12:50:44 | INFO     | trainer.federated            | # ROUND 3 / 3
12:50:44 | INFO     | trainer.federated            | ##############################################################################
12:50:44 | INFO     | trainer.sft                  | ==============================================================================
12:50:44 | INFO     | trainer.sft                  | Training client_1@r3 | shard=client1.jsonl | epochs=1.00 | window=[1000, 1500)
12:50:44 | INFO     | trainer.sft                  | ==============================================================================
12:50:46 | INFO     | trainer.sft                  | Loaded client1.jsonl: 500 samples (offset=1000, 4837 available) from 1 shard(s)
12:50:46 | INFO     | trainer.sft                  | Loading base model HuggingFaceTB/SmolLM2-360M-Instruct (4bit=True, dtype=torch.bfloat16) ...
12:50:47 | INFO     | trainer.sft                  | Base model load took 1.50s
12:50:47 | INFO     | trainer.sft                  | Resuming from the global adapter at /home/mann/FedChain/outputs/smollm2-360m/seed_44/exp0_local/round_2/client_1
12:50:47 | INFO     | trainer.sft                  | LoRA attached: 8,683,520 trainable / 213,218,240 total parameters (4.0726%)
12:50:47 | INFO     | trainer.sft                  | Optimisation plan: 500 samples, effective batch 8, ~63 step(s) over 1.00 epoch(s)
12:50:48 | INFO     | trainer.sft                  | Starting local optimisation via trl.SFTTrainer ...
12:58:03 | INFO     | trainer.sft                  | client_1@r3 finished in 7m 18.6s | train_loss=2.0016 | peak VRAM=1807.83 MB
12:58:05 | INFO     | trainer.sft                  | ==============================================================================
12:58:05 | INFO     | trainer.sft                  | Training client_2@r3 | shard=client2.jsonl | epochs=1.00 | window=[1000, 1500)
12:58:05 | INFO     | trainer.sft                  | ==============================================================================
12:58:06 | INFO     | trainer.sft                  | Loaded client2.jsonl: 500 samples (offset=1000, 4837 available) from 1 shard(s)
12:58:06 | INFO     | trainer.sft                  | Loading base model HuggingFaceTB/SmolLM2-360M-Instruct (4bit=True, dtype=torch.bfloat16) ...
12:58:07 | INFO     | trainer.sft                  | Base model load took 1.45s
12:58:07 | INFO     | trainer.sft                  | Resuming from the global adapter at /home/mann/FedChain/outputs/smollm2-360m/seed_44/exp0_local/round_2/client_2
12:58:08 | INFO     | trainer.sft                  | LoRA attached: 8,683,520 trainable / 213,218,240 total parameters (4.0726%)
12:58:08 | INFO     | trainer.sft                  | Optimisation plan: 500 samples, effective batch 8, ~63 step(s) over 1.00 epoch(s)
12:58:09 | INFO     | trainer.sft                  | Starting local optimisation via trl.SFTTrainer ...
13:05:41 | INFO     | trainer.sft                  | client_2@r3 finished in 7m 36.1s | train_loss=2.0068 | peak VRAM=1986.6 MB
13:05:42 | INFO     | trainer.sft                  | ==============================================================================
13:05:42 | INFO     | trainer.sft                  | Training client_3@r3 | shard=client3.jsonl | epochs=1.00 | window=[1000, 1500)
13:05:42 | INFO     | trainer.sft                  | ==============================================================================
13:05:43 | INFO     | trainer.sft                  | Loaded client3.jsonl: 500 samples (offset=1000, 4837 available) from 1 shard(s)
13:05:43 | INFO     | trainer.sft                  | Loading base model HuggingFaceTB/SmolLM2-360M-Instruct (4bit=True, dtype=torch.bfloat16) ...
13:05:45 | INFO     | trainer.sft                  | Base model load took 1.47s
13:05:45 | INFO     | trainer.sft                  | Resuming from the global adapter at /home/mann/FedChain/outputs/smollm2-360m/seed_44/exp0_local/round_2/client_3
13:05:45 | INFO     | trainer.sft                  | LoRA attached: 8,683,520 trainable / 213,218,240 total parameters (4.0726%)
13:05:45 | INFO     | trainer.sft                  | Optimisation plan: 500 samples, effective batch 8, ~63 step(s) over 1.00 epoch(s)
13:05:46 | INFO     | trainer.sft                  | Starting local optimisation via trl.SFTTrainer ...
13:13:26 | INFO     | trainer.sft                  | client_3@r3 finished in 7m 44.0s | train_loss=2.0096 | peak VRAM=2168.63 MB
13:13:28 | INFO     | trainer.federated            | Round 3 done in 22m 43.2s | comm=99.734 MB | evaluation skipped
13:13:29 | INFO     | evaluation.eval_loss         | Evaluation split: 500 samples from eval_500.jsonl
13:13:32 | INFO     | evaluation.eval_loss         | Evaluation base model load took 1.38s
13:13:32 | INFO     | evaluation.eval_loss         | Attaching adapter /home/mann/FedChain/outputs/smollm2-360m/seed_44/exp0_local/round_3/client_1
13:13:32 | INFO     | evaluation.eval_loss         | Scoring 500 evaluation samples for loss ...
13:13:55 | INFO     | evaluation.eval_loss         |   100/500 scored | running loss=1.9990 ppl=7.3815
13:14:16 | INFO     | evaluation.eval_loss         |   200/500 scored | running loss=2.0163 ppl=7.5107
13:14:37 | INFO     | evaluation.eval_loss         |   300/500 scored | running loss=1.9942 ppl=7.3466
13:14:59 | INFO     | evaluation.eval_loss         |   400/500 scored | running loss=2.0058 ppl=7.4318
13:15:22 | INFO     | evaluation.eval_loss         |   500/500 scored | running loss=2.0244 ppl=7.5716
13:15:22 | INFO     | evaluation.eval_loss         | Generating 50 responses for ROUGE-L / BLEU ...
13:16:11 | INFO     | evaluation.eval_loss         |   generated 10/50
13:17:11 | INFO     | evaluation.eval_loss         |   generated 20/50
13:17:41 | INFO     | evaluation.eval_loss         |   generated 30/50
13:18:48 | INFO     | evaluation.eval_loss         |   generated 40/50
13:19:42 | INFO     | evaluation.eval_loss         |   generated 50/50
13:19:43 | WARNING  | evaluation.eval_loss         | The `evaluate` library failed to score (To be able to use evaluate-metric/rouge, you need to install the following dependencies['nltk'] using 'pip install nltk' for instance'); using the built-in implementation.
13:19:43 | INFO     | evaluation.eval_loss         | Generation quality over 50 samples: ROUGE-L=0.2482 BLEU=0.0442 (backend=builtin, 4m 20.3s)
13:19:43 | INFO     | evaluation.eval_loss         | Evaluation: loss=2.0244 ppl=7.5716 rougeL=0.2482 bleu=0.0442 over 88,069 tokens in 6m 15.3s
13:19:46 | INFO     | evaluation.eval_loss         | Evaluation base model load took 1.66s
13:19:46 | INFO     | evaluation.eval_loss         | Attaching adapter /home/mann/FedChain/outputs/smollm2-360m/seed_44/exp0_local/round_3/client_2
13:19:47 | INFO     | evaluation.eval_loss         | Scoring 500 evaluation samples for loss ...
13:20:08 | INFO     | evaluation.eval_loss         |   100/500 scored | running loss=2.0002 ppl=7.3904
13:20:29 | INFO     | evaluation.eval_loss         |   200/500 scored | running loss=2.0160 ppl=7.5080
13:20:50 | INFO     | evaluation.eval_loss         |   300/500 scored | running loss=1.9943 ppl=7.3470
13:21:12 | INFO     | evaluation.eval_loss         |   400/500 scored | running loss=2.0049 ppl=7.4256
13:21:34 | INFO     | evaluation.eval_loss         |   500/500 scored | running loss=2.0233 ppl=7.5635
13:21:34 | INFO     | evaluation.eval_loss         | Generating 50 responses for ROUGE-L / BLEU ...
13:22:21 | INFO     | evaluation.eval_loss         |   generated 10/50
13:23:21 | INFO     | evaluation.eval_loss         |   generated 20/50
13:23:52 | INFO     | evaluation.eval_loss         |   generated 30/50
13:25:14 | INFO     | evaluation.eval_loss         |   generated 40/50
13:25:53 | INFO     | evaluation.eval_loss         |   generated 50/50
13:25:53 | INFO     | evaluation.eval_loss         | Generation quality over 50 samples: ROUGE-L=0.2391 BLEU=0.0444 (backend=builtin, 4m 19.2s)
13:25:53 | INFO     | evaluation.eval_loss         | Evaluation: loss=2.0233 ppl=7.5635 rougeL=0.2391 bleu=0.0444 over 88,069 tokens in 6m 08.7s
13:25:56 | INFO     | evaluation.eval_loss         | Evaluation base model load took 1.48s
13:25:56 | INFO     | evaluation.eval_loss         | Attaching adapter /home/mann/FedChain/outputs/smollm2-360m/seed_44/exp0_local/round_3/client_3
13:25:56 | INFO     | evaluation.eval_loss         | Scoring 500 evaluation samples for loss ...
13:26:19 | INFO     | evaluation.eval_loss         |   100/500 scored | running loss=1.9977 ppl=7.3722
13:26:39 | INFO     | evaluation.eval_loss         |   200/500 scored | running loss=2.0143 ppl=7.4958
13:27:00 | INFO     | evaluation.eval_loss         |   300/500 scored | running loss=1.9929 ppl=7.3371
13:27:22 | INFO     | evaluation.eval_loss         |   400/500 scored | running loss=2.0037 ppl=7.4166
13:27:44 | INFO     | evaluation.eval_loss         |   500/500 scored | running loss=2.0225 ppl=7.5570
13:27:44 | INFO     | evaluation.eval_loss         | Generating 50 responses for ROUGE-L / BLEU ...
13:28:25 | INFO     | evaluation.eval_loss         |   generated 10/50
13:29:25 | INFO     | evaluation.eval_loss         |   generated 20/50
13:29:56 | INFO     | evaluation.eval_loss         |   generated 30/50
13:31:16 | INFO     | evaluation.eval_loss         |   generated 40/50
13:31:56 | INFO     | evaluation.eval_loss         |   generated 50/50
13:31:56 | INFO     | evaluation.eval_loss         | Generation quality over 50 samples: ROUGE-L=0.2463 BLEU=0.0392 (backend=builtin, 4m 12.2s)
13:31:56 | INFO     | evaluation.eval_loss         | Evaluation: loss=2.0225 ppl=7.5570 rougeL=0.2463 bleu=0.0392 over 88,069 tokens in 6m 02.0s
13:31:57 | INFO     | trainer.federated            | ==============================================================================
13:31:57 | INFO     | trainer.federated            | Federated run complete: 3 round(s) in 1h 08m 49.4s | comm=299.202 MB | train=1h 08m 35.6s
13:31:57 | INFO     | trainer.federated            | ==============================================================================
13:31:58 | INFO     | fedchain                     | Local-only ablation: reporting the per-client mean over 3 client(s) instead of a single adapter.
13:31:58 | INFO     | fedchain                     | ------------------------------------------------------------------------------
13:31:58 | INFO     | fedchain                     | COLLECTED METRICS
13:31:58 | INFO     | fedchain                     | ------------------------------------------------------------------------------
13:31:58 | INFO     | fedchain                     |   validation_loss               : 2.0234
13:31:58 | INFO     | fedchain                     |   perplexity                    : 7.5640
13:31:58 | INFO     | fedchain                     |   rouge_l                       : 0.2445
13:31:58 | INFO     | fedchain                     |   bleu                          : 0.0426
13:31:58 | INFO     | fedchain                     |   training_time_sec             : 4115.64
13:31:58 | INFO     | fedchain                     |   communication_volume_mb       : 299.202
13:31:58 | INFO     | fedchain                     |   adapter_size_mb               : 16.622
13:31:58 | INFO     | fedchain                     |   blockchain_tx_latency_sec     : 0.0000
13:31:58 | INFO     | fedchain                     |   blockchain_gas_used           : 0
13:31:58 | INFO     | fedchain                     |   ipfs_upload_latency_sec       : 0.0000
13:31:58 | INFO     | fedchain                     |   ipfs_download_latency_sec     : 0.0000
13:31:58 | INFO     | fedchain                     |   aggregation_time_sec          : 0.0000
13:31:58 | INFO     | fedchain                     |   end_to_end_round_duration_sec : 1376.36
13:31:58 | INFO     | fedchain                     |   total_round_time_sec          : 4129.09
13:31:58 | INFO     | fedchain                     | ------------------------------------------------------------------------------
13:31:58 | INFO     | fedchain                     | Detailed JSON report written to /home/mann/FedChain/results/smollm2-360m/seed_44/exp0_local_metrics.json
