16:13:39 | INFO     | fedchain                     | ==============================================================================
16:13:39 | INFO     | fedchain                     | FedChain :: exp3_fl_bc
16:13:39 | INFO     | fedchain                     | FedAvg over QLoRA adapters with an on-chain SHA-256 audit trail
16:13:39 | INFO     | fedchain                     | Config: /home/mann/FedChain/configs/exp3_fl_bc.yaml
16:13:39 | INFO     | fedchain                     | Model:  HuggingFaceTB/SmolLM2-360M-Instruct  [tier=smollm2-360m]
16:13:39 | INFO     | fedchain                     | Hugging Face Hub: authenticated via HF_TOKEN
16:13:39 | INFO     | fedchain                     | ==============================================================================
16:13:46 | INFO     | utils.common                 | Device: CUDA -> NVIDIA T600 Laptop GPU (4.00 GB VRAM, sm_75, bf16=True)
16:13:46 | INFO     | fedchain                     | Seed=44 | device=cuda
16:13:46 | INFO     | fedchain                     | Initialising the blockchain audit layer ...
16:13:46 | INFO     | blockchain.logger            | Using unlocked node account 0xf39Fd6e51aad88F6F4ce6aB8827279cffFb92266
16:13:46 | INFO     | blockchain.logger            | Loaded contract bytecode from /home/mann/FedChain/blockchain/artifacts/FedChainAudit.json
16:13:46 | INFO     | blockchain.logger            | Deployed FedChainAudit at 0xA4aE77554847958aC0854f06601267c9F9C75dfD (gas=1431133, 0.138s)
16:13:46 | INFO     | blockchain.logger            | BlockchainLogger connected: rpc=http://127.0.0.1:8545 chain_id=31337 account=0xf39Fd6e51aad88F6F4ce6aB8827279cffFb92266 contract=0xA4aE77554847958aC0854f06601267c9F9C75dfD
16:13:46 | INFO     | evaluation.eval_loss         | Evaluator ready | 500 loss samples | 50 generation samples | seq_len=512 | device=cuda
16:13:46 | INFO     | fedchain                     | ==============================================================================
16:13:46 | INFO     | fedchain                     | PIPELINE: federated learning | blockchain=True | ipfs=False
16:13:46 | INFO     | fedchain                     | ==============================================================================
16:13:46 | INFO     | trainer.sft                  | LocalTrainer ready | model=HuggingFaceTB/SmolLM2-360M-Instruct device=cuda 4bit=True seq_len=512 dry_run=False
16:13:46 | INFO     | trainer.federated            | FederatedOrchestrator ready | rounds=3 clients=3 blockchain=True ipfs=False checkpoint=True
16:13:46 | INFO     | utils.checkpoint             | No checkpoint at /home/mann/FedChain/outputs/smollm2-360m/seed_44/exp3_fl_bc/checkpoint.json; starting a fresh run.
16:13:46 | INFO     | trainer.federated            | 
16:13:46 | INFO     | trainer.federated            | ##############################################################################
16:13:46 | INFO     | trainer.federated            | # ROUND 1 / 3
16:13:46 | INFO     | trainer.federated            | ##############################################################################
16:13:46 | INFO     | trainer.sft                  | ==============================================================================
16:13:46 | INFO     | trainer.sft                  | Training client_1@r1 | shard=client1.jsonl | epochs=1.00 | window=[0, 500)
16:13:46 | INFO     | trainer.sft                  | ==============================================================================
16:13:49 | INFO     | trainer.sft                  | Loaded client1.jsonl: 500 samples (offset=0, 4837 available) from 1 shard(s)
16:13:49 | INFO     | trainer.sft                  | Loading base model HuggingFaceTB/SmolLM2-360M-Instruct (4bit=True, dtype=torch.bfloat16) ...
16:13:51 | INFO     | trainer.sft                  | Base model load took 1.70s
16:13:51 | INFO     | trainer.sft                  | LoRA attached: 8,683,520 trainable / 213,218,240 total parameters (4.0726%)
16:13:51 | INFO     | trainer.sft                  | Optimisation plan: 500 samples, effective batch 8, ~63 step(s) over 1.00 epoch(s)
16:13:52 | INFO     | trainer.sft                  | Starting local optimisation via trl.SFTTrainer ...
16:21:10 | INFO     | trainer.sft                  | client_1@r1 finished in 7m 23.7s | train_loss=2.1009 | peak VRAM=726.66 MB
16:21:12 | INFO     | blockchain.logger            | [chain:live] round=1 client=client_1 hash=a5de0bb5a769cf5f... cid=- gas=260032 latency=0.133s
16:21:12 | INFO     | trainer.sft                  | ==============================================================================
16:21:12 | INFO     | trainer.sft                  | Training client_2@r1 | shard=client2.jsonl | epochs=1.00 | window=[0, 500)
16:21:12 | INFO     | trainer.sft                  | ==============================================================================
16:21:13 | INFO     | trainer.sft                  | Loaded client2.jsonl: 500 samples (offset=0, 4837 available) from 1 shard(s)
16:21:13 | INFO     | trainer.sft                  | Loading base model HuggingFaceTB/SmolLM2-360M-Instruct (4bit=True, dtype=torch.bfloat16) ...
16:21:15 | INFO     | trainer.sft                  | Base model load took 1.49s
16:21:15 | INFO     | trainer.sft                  | LoRA attached: 8,683,520 trainable / 213,218,240 total parameters (4.0726%)
16:21:15 | INFO     | trainer.sft                  | Optimisation plan: 500 samples, effective batch 8, ~63 step(s) over 1.00 epoch(s)
16:21:16 | INFO     | trainer.sft                  | Starting local optimisation via trl.SFTTrainer ...
16:28:49 | INFO     | trainer.sft                  | client_2@r1 finished in 7m 36.8s | train_loss=2.0867 | peak VRAM=908.57 MB
16:28:50 | INFO     | blockchain.logger            | [chain:live] round=1 client=client_2 hash=f070a581296994da... cid=- gas=245732 latency=0.135s
16:28:51 | INFO     | trainer.sft                  | ==============================================================================
16:28:51 | INFO     | trainer.sft                  | Training client_3@r1 | shard=client3.jsonl | epochs=1.00 | window=[0, 500)
16:28:51 | INFO     | trainer.sft                  | ==============================================================================
16:28:52 | INFO     | trainer.sft                  | Loaded client3.jsonl: 500 samples (offset=0, 4837 available) from 1 shard(s)
16:28:52 | INFO     | trainer.sft                  | Loading base model HuggingFaceTB/SmolLM2-360M-Instruct (4bit=True, dtype=torch.bfloat16) ...
16:28:53 | INFO     | trainer.sft                  | Base model load took 1.49s
16:28:54 | INFO     | trainer.sft                  | LoRA attached: 8,683,520 trainable / 213,218,240 total parameters (4.0726%)
16:28:54 | INFO     | trainer.sft                  | Optimisation plan: 500 samples, effective batch 8, ~63 step(s) over 1.00 epoch(s)
16:28:54 | INFO     | trainer.sft                  | Starting local optimisation via trl.SFTTrainer ...
16:36:28 | INFO     | trainer.sft                  | client_3@r1 finished in 7m 37.5s | train_loss=2.1114 | peak VRAM=1088.17 MB
16:36:30 | INFO     | blockchain.logger            | [chain:live] round=1 client=client_3 hash=07e70dc53d7990df... cid=- gas=245732 latency=0.137s
16:36:30 | INFO     | trainer.aggregation          | FedAvg over 3 client adapter(s) with weights [0.3333, 0.3333, 0.3333]
16:36:30 | INFO     | trainer.aggregation          | FedAvg complete: 448 LoRA tensors (8,683,520 params) merged in 0.088s -> /home/mann/FedChain/outputs/smollm2-360m/seed_44/exp3_fl_bc/round_1/global (16.620 MB)
16:36:30 | INFO     | blockchain.logger            | [chain:live] round=1 client=server_global hash=2e960346c23f4520... cid=- gas=245792 latency=0.124s
16:36:31 | INFO     | evaluation.eval_loss         | Evaluation split: 500 samples from eval_500.jsonl
16:36:34 | INFO     | evaluation.eval_loss         | Evaluation base model load took 1.37s
16:36:34 | INFO     | evaluation.eval_loss         | Attaching adapter /home/mann/FedChain/outputs/smollm2-360m/seed_44/exp3_fl_bc/round_1/global
16:36:34 | INFO     | evaluation.eval_loss         | Scoring 500 evaluation samples for loss ...
16:36:57 | INFO     | evaluation.eval_loss         |   100/500 scored | running loss=2.0572 ppl=7.8238
16:37:17 | INFO     | evaluation.eval_loss         |   200/500 scored | running loss=2.0762 ppl=7.9737
16:37:38 | INFO     | evaluation.eval_loss         |   300/500 scored | running loss=2.0537 ppl=7.7970
16:38:00 | INFO     | evaluation.eval_loss         |   400/500 scored | running loss=2.0644 ppl=7.8809
16:38:22 | INFO     | evaluation.eval_loss         |   500/500 scored | running loss=2.0821 ppl=8.0215
16:38:22 | INFO     | evaluation.eval_loss         | Generating 50 responses for ROUGE-L / BLEU ...
16:39:25 | INFO     | evaluation.eval_loss         |   generated 10/50
16:40:39 | INFO     | evaluation.eval_loss         |   generated 20/50
16:41:24 | INFO     | evaluation.eval_loss         |   generated 30/50
16:42:40 | INFO     | evaluation.eval_loss         |   generated 40/50
16:43:39 | INFO     | evaluation.eval_loss         |   generated 50/50
16:43:41 | WARNING  | evaluation.eval_loss         | The `evaluate` library failed to score (To be able to use evaluate-metric/rouge, you need to install the following dependencies['nltk'] using 'pip install nltk' for instance'); using the built-in implementation.
16:43:41 | INFO     | evaluation.eval_loss         | Generation quality over 50 samples: ROUGE-L=0.2380 BLEU=0.0526 (backend=builtin, 5m 17.5s)
16:43:41 | INFO     | evaluation.eval_loss         | Evaluation: loss=2.0821 ppl=8.0215 rougeL=0.2380 bleu=0.0526 over 88,069 tokens in 7m 10.2s
16:43:42 | INFO     | trainer.federated            | Round 1 done in 29m 55.1s | comm=99.727 MB | val_loss=2.0821 ppl=8.0215
16:43:42 | INFO     | trainer.federated            | 
16:43:42 | INFO     | trainer.federated            | ##############################################################################
16:43:42 | INFO     | trainer.federated            | # ROUND 2 / 3
16:43:42 | INFO     | trainer.federated            | ##############################################################################
16:43:42 | INFO     | trainer.sft                  | ==============================================================================
16:43:42 | INFO     | trainer.sft                  | Training client_1@r2 | shard=client1.jsonl | epochs=1.00 | window=[500, 1000)
16:43:42 | INFO     | trainer.sft                  | ==============================================================================
16:43:43 | INFO     | trainer.sft                  | Loaded client1.jsonl: 500 samples (offset=500, 4837 available) from 1 shard(s)
16:43:43 | INFO     | trainer.sft                  | Loading base model HuggingFaceTB/SmolLM2-360M-Instruct (4bit=True, dtype=torch.bfloat16) ...
16:43:44 | INFO     | trainer.sft                  | Base model load took 1.54s
16:43:44 | INFO     | trainer.sft                  | Resuming from the global adapter at /home/mann/FedChain/outputs/smollm2-360m/seed_44/exp3_fl_bc/round_1/global
16:43:45 | INFO     | trainer.sft                  | LoRA attached: 8,683,520 trainable / 213,218,240 total parameters (4.0726%)
16:43:45 | INFO     | trainer.sft                  | Optimisation plan: 500 samples, effective batch 8, ~63 step(s) over 1.00 epoch(s)
16:43:46 | INFO     | trainer.sft                  | Starting local optimisation via trl.SFTTrainer ...
16:50:55 | INFO     | trainer.sft                  | client_1@r2 finished in 7m 12.9s | train_loss=2.0157 | peak VRAM=1266.83 MB
16:50:56 | INFO     | blockchain.logger            | [chain:live] round=2 client=client_1 hash=ccb6270da4e9a90c... cid=- gas=262832 latency=0.124s
16:50:57 | INFO     | trainer.sft                  | ==============================================================================
16:50:57 | INFO     | trainer.sft                  | Training client_2@r2 | shard=client2.jsonl | epochs=1.00 | window=[500, 1000)
16:50:57 | INFO     | trainer.sft                  | ==============================================================================
16:50:58 | INFO     | trainer.sft                  | Loaded client2.jsonl: 500 samples (offset=500, 4837 available) from 1 shard(s)
16:50:58 | INFO     | trainer.sft                  | Loading base model HuggingFaceTB/SmolLM2-360M-Instruct (4bit=True, dtype=torch.bfloat16) ...
16:50:59 | INFO     | trainer.sft                  | Base model load took 1.29s
16:50:59 | INFO     | trainer.sft                  | Resuming from the global adapter at /home/mann/FedChain/outputs/smollm2-360m/seed_44/exp3_fl_bc/round_1/global
16:50:59 | INFO     | trainer.sft                  | LoRA attached: 8,683,520 trainable / 213,218,240 total parameters (4.0726%)
16:50:59 | INFO     | trainer.sft                  | Optimisation plan: 500 samples, effective batch 8, ~63 step(s) over 1.00 epoch(s)
16:51:00 | INFO     | trainer.sft                  | Starting local optimisation via trl.SFTTrainer ...
16:58:31 | INFO     | trainer.sft                  | client_2@r2 finished in 7m 34.4s | train_loss=2.0407 | peak VRAM=1448.3 MB
16:58:33 | INFO     | blockchain.logger            | [chain:live] round=2 client=client_2 hash=dd3719995d376ff4... cid=- gas=245732 latency=0.128s
16:58:33 | INFO     | trainer.sft                  | ==============================================================================
16:58:33 | INFO     | trainer.sft                  | Training client_3@r2 | shard=client3.jsonl | epochs=1.00 | window=[500, 1000)
16:58:33 | INFO     | trainer.sft                  | ==============================================================================
16:58:34 | INFO     | trainer.sft                  | Loaded client3.jsonl: 500 samples (offset=500, 4837 available) from 1 shard(s)
16:58:34 | INFO     | trainer.sft                  | Loading base model HuggingFaceTB/SmolLM2-360M-Instruct (4bit=True, dtype=torch.bfloat16) ...
16:58:35 | INFO     | trainer.sft                  | Base model load took 1.33s
16:58:35 | INFO     | trainer.sft                  | Resuming from the global adapter at /home/mann/FedChain/outputs/smollm2-360m/seed_44/exp3_fl_bc/round_1/global
16:58:36 | INFO     | trainer.sft                  | LoRA attached: 8,683,520 trainable / 213,218,240 total parameters (4.0726%)
16:58:36 | INFO     | trainer.sft                  | Optimisation plan: 500 samples, effective batch 8, ~63 step(s) over 1.00 epoch(s)
16:58:37 | INFO     | trainer.sft                  | Starting local optimisation via trl.SFTTrainer ...
17:06:09 | INFO     | trainer.sft                  | client_3@r2 finished in 7m 35.7s | train_loss=2.0314 | peak VRAM=1626.75 MB
17:06:10 | INFO     | blockchain.logger            | [chain:live] round=2 client=client_3 hash=48ea80615a997b39... cid=- gas=245732 latency=0.130s
17:06:10 | INFO     | trainer.aggregation          | FedAvg over 3 client adapter(s) with weights [0.3333, 0.3333, 0.3333]
17:06:10 | INFO     | trainer.aggregation          | FedAvg complete: 448 LoRA tensors (8,683,520 params) merged in 0.087s -> /home/mann/FedChain/outputs/smollm2-360m/seed_44/exp3_fl_bc/round_2/global (16.620 MB)
17:06:10 | INFO     | blockchain.logger            | [chain:live] round=2 client=server_global hash=72ff5dd8ba0e4fdd... cid=- gas=245792 latency=0.122s
17:06:12 | INFO     | evaluation.eval_loss         | Evaluation base model load took 1.35s
17:06:12 | INFO     | evaluation.eval_loss         | Attaching adapter /home/mann/FedChain/outputs/smollm2-360m/seed_44/exp3_fl_bc/round_2/global
17:06:12 | INFO     | evaluation.eval_loss         | Scoring 500 evaluation samples for loss ...
17:06:35 | INFO     | evaluation.eval_loss         |   100/500 scored | running loss=2.0150 ppl=7.5006
17:06:56 | INFO     | evaluation.eval_loss         |   200/500 scored | running loss=2.0316 ppl=7.6264
17:07:17 | INFO     | evaluation.eval_loss         |   300/500 scored | running loss=2.0093 ppl=7.4578
17:07:39 | INFO     | evaluation.eval_loss         |   400/500 scored | running loss=2.0202 ppl=7.5396
17:08:01 | INFO     | evaluation.eval_loss         |   500/500 scored | running loss=2.0384 ppl=7.6786
17:08:01 | INFO     | evaluation.eval_loss         | Generating 50 responses for ROUGE-L / BLEU ...
17:08:48 | INFO     | evaluation.eval_loss         |   generated 10/50
17:09:59 | INFO     | evaluation.eval_loss         |   generated 20/50
17:10:27 | INFO     | evaluation.eval_loss         |   generated 30/50
17:11:17 | INFO     | evaluation.eval_loss         |   generated 40/50
17:12:04 | INFO     | evaluation.eval_loss         |   generated 50/50
17:12:04 | INFO     | evaluation.eval_loss         | Generation quality over 50 samples: ROUGE-L=0.2445 BLEU=0.0451 (backend=builtin, 4m 03.5s)
17:12:04 | INFO     | evaluation.eval_loss         | Evaluation: loss=2.0384 ppl=7.6786 rougeL=0.2445 bleu=0.0451 over 88,069 tokens in 5m 53.3s
17:12:05 | INFO     | trainer.federated            | Round 2 done in 28m 23.1s | comm=99.727 MB | val_loss=2.0384 ppl=7.6786
17:12:05 | INFO     | trainer.federated            | 
17:12:05 | INFO     | trainer.federated            | ##############################################################################
17:12:05 | INFO     | trainer.federated            | # ROUND 3 / 3
17:12:05 | INFO     | trainer.federated            | ##############################################################################
17:12:05 | INFO     | trainer.sft                  | ==============================================================================
17:12:05 | INFO     | trainer.sft                  | Training client_1@r3 | shard=client1.jsonl | epochs=1.00 | window=[1000, 1500)
17:12:05 | INFO     | trainer.sft                  | ==============================================================================
17:12:06 | INFO     | trainer.sft                  | Loaded client1.jsonl: 500 samples (offset=1000, 4837 available) from 1 shard(s)
17:12:06 | INFO     | trainer.sft                  | Loading base model HuggingFaceTB/SmolLM2-360M-Instruct (4bit=True, dtype=torch.bfloat16) ...
17:12:08 | INFO     | trainer.sft                  | Base model load took 1.40s
17:12:08 | INFO     | trainer.sft                  | Resuming from the global adapter at /home/mann/FedChain/outputs/smollm2-360m/seed_44/exp3_fl_bc/round_2/global
17:12:08 | INFO     | trainer.sft                  | LoRA attached: 8,683,520 trainable / 213,218,240 total parameters (4.0726%)
17:12:08 | INFO     | trainer.sft                  | Optimisation plan: 500 samples, effective batch 8, ~63 step(s) over 1.00 epoch(s)
17:12:09 | INFO     | trainer.sft                  | Starting local optimisation via trl.SFTTrainer ...
17:19:12 | INFO     | trainer.sft                  | client_1@r3 finished in 7m 07.1s | train_loss=2.0026 | peak VRAM=1806.83 MB
17:19:14 | INFO     | blockchain.logger            | [chain:live] round=3 client=client_1 hash=0cba4dba8e21baf8... cid=- gas=262832 latency=0.124s
17:19:14 | INFO     | trainer.sft                  | ==============================================================================
17:19:14 | INFO     | trainer.sft                  | Training client_2@r3 | shard=client2.jsonl | epochs=1.00 | window=[1000, 1500)
17:19:14 | INFO     | trainer.sft                  | ==============================================================================
17:19:15 | INFO     | trainer.sft                  | Loaded client2.jsonl: 500 samples (offset=1000, 4837 available) from 1 shard(s)
17:19:15 | INFO     | trainer.sft                  | Loading base model HuggingFaceTB/SmolLM2-360M-Instruct (4bit=True, dtype=torch.bfloat16) ...
17:19:16 | INFO     | trainer.sft                  | Base model load took 1.45s
17:19:17 | INFO     | trainer.sft                  | Resuming from the global adapter at /home/mann/FedChain/outputs/smollm2-360m/seed_44/exp3_fl_bc/round_2/global
17:19:17 | INFO     | trainer.sft                  | LoRA attached: 8,683,520 trainable / 213,218,240 total parameters (4.0726%)
17:19:17 | INFO     | trainer.sft                  | Optimisation plan: 500 samples, effective batch 8, ~63 step(s) over 1.00 epoch(s)
17:19:18 | INFO     | trainer.sft                  | Starting local optimisation via trl.SFTTrainer ...
17:26:51 | INFO     | trainer.sft                  | client_2@r3 finished in 7m 36.9s | train_loss=2.0087 | peak VRAM=1988.3 MB
17:26:52 | INFO     | blockchain.logger            | [chain:live] round=3 client=client_2 hash=1346f64000188c14... cid=- gas=245732 latency=0.126s
17:26:53 | INFO     | trainer.sft                  | ==============================================================================
17:26:53 | INFO     | trainer.sft                  | Training client_3@r3 | shard=client3.jsonl | epochs=1.00 | window=[1000, 1500)
17:26:53 | INFO     | trainer.sft                  | ==============================================================================
17:26:54 | INFO     | trainer.sft                  | Loaded client3.jsonl: 500 samples (offset=1000, 4837 available) from 1 shard(s)
17:26:54 | INFO     | trainer.sft                  | Loading base model HuggingFaceTB/SmolLM2-360M-Instruct (4bit=True, dtype=torch.bfloat16) ...
17:26:55 | INFO     | trainer.sft                  | Base model load took 1.34s
17:26:55 | INFO     | trainer.sft                  | Resuming from the global adapter at /home/mann/FedChain/outputs/smollm2-360m/seed_44/exp3_fl_bc/round_2/global
17:26:56 | INFO     | trainer.sft                  | LoRA attached: 8,683,520 trainable / 213,218,240 total parameters (4.0726%)
17:26:56 | INFO     | trainer.sft                  | Optimisation plan: 500 samples, effective batch 8, ~63 step(s) over 1.00 epoch(s)
17:26:57 | INFO     | trainer.sft                  | Starting local optimisation via trl.SFTTrainer ...
17:34:34 | INFO     | trainer.sft                  | client_3@r3 finished in 7m 41.4s | train_loss=2.0114 | peak VRAM=2166.77 MB
17:34:36 | INFO     | blockchain.logger            | [chain:live] round=3 client=client_3 hash=897be5832d2f6bb9... cid=- gas=245732 latency=0.124s
17:34:36 | INFO     | trainer.aggregation          | FedAvg over 3 client adapter(s) with weights [0.3333, 0.3333, 0.3333]
17:34:36 | INFO     | trainer.aggregation          | FedAvg complete: 448 LoRA tensors (8,683,520 params) merged in 0.091s -> /home/mann/FedChain/outputs/smollm2-360m/seed_44/exp3_fl_bc/round_3/global (16.620 MB)
17:34:36 | INFO     | blockchain.logger            | [chain:live] round=3 client=server_global hash=d75422c9c839661f... cid=- gas=245792 latency=0.126s
17:34:36 | INFO     | trainer.federated            | Round 3 done in 22m 31.2s | comm=99.727 MB | evaluation skipped
17:34:36 | INFO     | trainer.federated            | ==============================================================================
17:34:36 | INFO     | trainer.federated            | Federated run complete: 3 round(s) in 1h 20m 49.8s | comm=299.182 MB | train=1h 07m 26.4s
17:34:36 | INFO     | trainer.federated            | ==============================================================================
17:34:38 | INFO     | fedchain                     | Final evaluation of /home/mann/FedChain/outputs/smollm2-360m/seed_44/exp3_fl_bc/round_3/global ...
17:34:40 | INFO     | evaluation.eval_loss         | Evaluation base model load took 1.39s
17:34:40 | INFO     | evaluation.eval_loss         | Attaching adapter /home/mann/FedChain/outputs/smollm2-360m/seed_44/exp3_fl_bc/round_3/global
17:34:40 | INFO     | evaluation.eval_loss         | Scoring 500 evaluation samples for loss ...
17:35:03 | INFO     | evaluation.eval_loss         |   100/500 scored | running loss=1.9985 ppl=7.3777
17:35:25 | INFO     | evaluation.eval_loss         |   200/500 scored | running loss=2.0149 ppl=7.5002
17:35:47 | INFO     | evaluation.eval_loss         |   300/500 scored | running loss=1.9930 ppl=7.3373
17:36:10 | INFO     | evaluation.eval_loss         |   400/500 scored | running loss=2.0039 ppl=7.4181
17:36:32 | INFO     | evaluation.eval_loss         |   500/500 scored | running loss=2.0225 ppl=7.5572
17:36:32 | INFO     | evaluation.eval_loss         | Generating 50 responses for ROUGE-L / BLEU ...
17:37:27 | INFO     | evaluation.eval_loss         |   generated 10/50
17:38:27 | INFO     | evaluation.eval_loss         |   generated 20/50
17:38:53 | INFO     | evaluation.eval_loss         |   generated 30/50
17:40:09 | INFO     | evaluation.eval_loss         |   generated 40/50
17:40:59 | INFO     | evaluation.eval_loss         |   generated 50/50
17:40:59 | INFO     | evaluation.eval_loss         | Generation quality over 50 samples: ROUGE-L=0.2368 BLEU=0.0479 (backend=builtin, 4m 26.8s)
17:40:59 | INFO     | evaluation.eval_loss         | Evaluation: loss=2.0225 ppl=7.5572 rougeL=0.2368 bleu=0.0479 over 88,069 tokens in 6m 20.9s
17:41:00 | INFO     | fedchain                     | ------------------------------------------------------------------------------
17:41:00 | INFO     | fedchain                     | COLLECTED METRICS
17:41:00 | INFO     | fedchain                     | ------------------------------------------------------------------------------
17:41:00 | INFO     | fedchain                     |   validation_loss               : 2.0225
17:41:00 | INFO     | fedchain                     |   perplexity                    : 7.5572
17:41:00 | INFO     | fedchain                     |   rouge_l                       : 0.2368
17:41:00 | INFO     | fedchain                     |   bleu                          : 0.0479
17:41:00 | INFO     | fedchain                     |   training_time_sec             : 4046.37
17:41:00 | INFO     | fedchain                     |   communication_volume_mb       : 299.182
17:41:00 | INFO     | fedchain                     |   adapter_size_mb               : 16.620
17:41:00 | INFO     | fedchain                     |   blockchain_tx_latency_sec     : 1.5332
17:41:00 | INFO     | fedchain                     |   blockchain_gas_used           : 2,997,464
17:41:00 | INFO     | fedchain                     |   ipfs_upload_latency_sec       : 0.0000
17:41:00 | INFO     | fedchain                     |   ipfs_download_latency_sec     : 0.0000
17:41:00 | INFO     | fedchain                     |   aggregation_time_sec          : 0.2656
17:41:00 | INFO     | fedchain                     |   end_to_end_round_duration_sec : 1616.46
17:41:00 | INFO     | fedchain                     |   total_round_time_sec          : 4849.38
17:41:00 | INFO     | fedchain                     | ------------------------------------------------------------------------------
17:41:00 | INFO     | fedchain                     | Detailed JSON report written to /home/mann/FedChain/results/smollm2-360m/seed_44/exp3_fl_bc_metrics.json
17:41:00 | INFO     | blockchain.logger            | Audit trail exported to /home/mann/FedChain/results/smollm2-360m/seed_44/exp3_fl_bc_audit_trail.json
