01:04:16 | INFO     | fedchain                     | ==============================================================================
01:04:16 | INFO     | fedchain                     | FedChain :: exp2_fl
01:04:16 | INFO     | fedchain                     | FedAvg over QLoRA adapters, trusted central aggregator
01:04:16 | INFO     | fedchain                     | Config: /home/mann/FedChain/configs/exp2_fl.yaml
01:04:16 | INFO     | fedchain                     | Model:  HuggingFaceTB/SmolLM2-360M-Instruct  [tier=smollm2-360m]
01:04:16 | INFO     | fedchain                     | Hugging Face Hub: authenticated via HF_TOKEN
01:04:16 | INFO     | fedchain                     | ==============================================================================
01:04:22 | INFO     | utils.common                 | Device: CUDA -> NVIDIA T600 Laptop GPU (4.00 GB VRAM, sm_75, bf16=True)
01:04:22 | INFO     | fedchain                     | Seed=42 | device=cuda
01:04:22 | INFO     | evaluation.eval_loss         | Evaluator ready | 500 loss samples | 50 generation samples | seq_len=512 | device=cuda
01:04:22 | INFO     | fedchain                     | ==============================================================================
01:04:22 | INFO     | fedchain                     | PIPELINE: federated learning | blockchain=False | ipfs=False
01:04:22 | INFO     | fedchain                     | ==============================================================================
01:04:22 | INFO     | trainer.sft                  | LocalTrainer ready | model=HuggingFaceTB/SmolLM2-360M-Instruct device=cuda 4bit=True seq_len=512 dry_run=False
01:04:22 | INFO     | trainer.federated            | FederatedOrchestrator ready | rounds=3 clients=3 blockchain=False ipfs=False checkpoint=True
01:04:22 | INFO     | utils.checkpoint             | No checkpoint at /home/mann/FedChain/outputs/smollm2-360m/seed_42/exp2_fl/checkpoint.json; starting a fresh run.
01:04:22 | INFO     | trainer.federated            | 
01:04:22 | INFO     | trainer.federated            | ##############################################################################
01:04:22 | INFO     | trainer.federated            | # ROUND 1 / 3
01:04:22 | INFO     | trainer.federated            | ##############################################################################
01:04:22 | INFO     | trainer.sft                  | ==============================================================================
01:04:22 | INFO     | trainer.sft                  | Training client_1@r1 | shard=client1.jsonl | epochs=1.00 | window=[0, 500)
01:04:22 | INFO     | trainer.sft                  | ==============================================================================
01:04:25 | INFO     | trainer.sft                  | Loaded client1.jsonl: 500 samples (offset=0, 4837 available) from 1 shard(s)
01:04:25 | INFO     | trainer.sft                  | Loading base model HuggingFaceTB/SmolLM2-360M-Instruct (4bit=True, dtype=torch.bfloat16) ...
01:04:26 | INFO     | trainer.sft                  | Base model load took 1.33s
01:04:27 | INFO     | trainer.sft                  | LoRA attached: 8,683,520 trainable / 213,218,240 total parameters (4.0726%)
01:04:27 | INFO     | trainer.sft                  | Optimisation plan: 500 samples, effective batch 8, ~63 step(s) over 1.00 epoch(s)
01:04:28 | INFO     | trainer.sft                  | Starting local optimisation via trl.SFTTrainer ...
01:11:32 | INFO     | trainer.sft                  | client_1@r1 finished in 7m 10.0s | train_loss=2.0929 | peak VRAM=726.2 MB
01:11:34 | INFO     | trainer.sft                  | ==============================================================================
01:11:34 | INFO     | trainer.sft                  | Training client_2@r1 | shard=client2.jsonl | epochs=1.00 | window=[0, 500)
01:11:34 | INFO     | trainer.sft                  | ==============================================================================
01:11:35 | INFO     | trainer.sft                  | Loaded client2.jsonl: 500 samples (offset=0, 4837 available) from 1 shard(s)
01:11:35 | INFO     | trainer.sft                  | Loading base model HuggingFaceTB/SmolLM2-360M-Instruct (4bit=True, dtype=torch.bfloat16) ...
01:11:36 | INFO     | trainer.sft                  | Base model load took 1.47s
01:11:37 | INFO     | trainer.sft                  | LoRA attached: 8,683,520 trainable / 213,218,240 total parameters (4.0726%)
01:11:37 | INFO     | trainer.sft                  | Optimisation plan: 500 samples, effective batch 8, ~63 step(s) over 1.00 epoch(s)
01:11:38 | INFO     | trainer.sft                  | Starting local optimisation via trl.SFTTrainer ...
01:18:48 | INFO     | trainer.sft                  | client_2@r1 finished in 7m 13.7s | train_loss=2.0805 | peak VRAM=907.05 MB
01:18:49 | INFO     | trainer.sft                  | ==============================================================================
01:18:49 | INFO     | trainer.sft                  | Training client_3@r1 | shard=client3.jsonl | epochs=1.00 | window=[0, 500)
01:18:49 | INFO     | trainer.sft                  | ==============================================================================
01:18:50 | INFO     | trainer.sft                  | Loaded client3.jsonl: 500 samples (offset=0, 4837 available) from 1 shard(s)
01:18:50 | INFO     | trainer.sft                  | Loading base model HuggingFaceTB/SmolLM2-360M-Instruct (4bit=True, dtype=torch.bfloat16) ...
01:18:52 | INFO     | trainer.sft                  | Base model load took 1.33s
01:18:52 | INFO     | trainer.sft                  | LoRA attached: 8,683,520 trainable / 213,218,240 total parameters (4.0726%)
01:18:52 | INFO     | trainer.sft                  | Optimisation plan: 500 samples, effective batch 8, ~63 step(s) over 1.00 epoch(s)
01:18:53 | INFO     | trainer.sft                  | Starting local optimisation via trl.SFTTrainer ...
01:26:01 | INFO     | trainer.sft                  | client_3@r1 finished in 7m 11.9s | train_loss=2.1148 | peak VRAM=1087.44 MB
01:26:02 | INFO     | trainer.aggregation          | FedAvg over 3 client adapter(s) with weights [0.3333, 0.3333, 0.3333]
01:26:02 | INFO     | trainer.aggregation          | FedAvg complete: 448 LoRA tensors (8,683,520 params) merged in 0.084s -> /home/mann/FedChain/outputs/smollm2-360m/seed_42/exp2_fl/round_1/global (16.620 MB)
01:26:04 | INFO     | evaluation.eval_loss         | Evaluation split: 500 samples from eval_500.jsonl
01:26:06 | INFO     | evaluation.eval_loss         | Evaluation base model load took 1.66s
01:26:06 | INFO     | evaluation.eval_loss         | Attaching adapter /home/mann/FedChain/outputs/smollm2-360m/seed_42/exp2_fl/round_1/global
01:26:07 | INFO     | evaluation.eval_loss         | Scoring 500 evaluation samples for loss ...
01:26:28 | INFO     | evaluation.eval_loss         |   100/500 scored | running loss=2.0615 ppl=7.8578
01:26:48 | INFO     | evaluation.eval_loss         |   200/500 scored | running loss=2.0806 ppl=8.0090
01:27:08 | INFO     | evaluation.eval_loss         |   300/500 scored | running loss=2.0577 ppl=7.8283
01:27:30 | INFO     | evaluation.eval_loss         |   400/500 scored | running loss=2.0684 ppl=7.9118
01:27:51 | INFO     | evaluation.eval_loss         |   500/500 scored | running loss=2.0861 ppl=8.0532
01:27:51 | INFO     | evaluation.eval_loss         | Generating 50 responses for ROUGE-L / BLEU ...
01:28:47 | INFO     | evaluation.eval_loss         |   generated 10/50
01:29:53 | INFO     | evaluation.eval_loss         |   generated 20/50
01:30:37 | INFO     | evaluation.eval_loss         |   generated 30/50
01:31:58 | INFO     | evaluation.eval_loss         |   generated 40/50
01:33:01 | INFO     | evaluation.eval_loss         |   generated 50/50
01:33:02 | WARNING  | evaluation.eval_loss         | The `evaluate` library failed to score (To be able to use evaluate-metric/rouge, you need to install the following dependencies['nltk'] using 'pip install nltk' for instance'); using the built-in implementation.
01:33:02 | INFO     | evaluation.eval_loss         | Generation quality over 50 samples: ROUGE-L=0.2506 BLEU=0.0544 (backend=builtin, 5m 09.5s)
01:33:02 | INFO     | evaluation.eval_loss         | Evaluation: loss=2.0861 ppl=8.0532 rougeL=0.2506 bleu=0.0544 over 88,069 tokens in 6m 59.7s
01:33:03 | INFO     | trainer.federated            | Round 1 done in 28m 40.9s | comm=99.727 MB | val_loss=2.0861 ppl=8.0532
01:33:03 | INFO     | trainer.federated            | 
01:33:03 | INFO     | trainer.federated            | ##############################################################################
01:33:03 | INFO     | trainer.federated            | # ROUND 2 / 3
01:33:03 | INFO     | trainer.federated            | ##############################################################################
01:33:03 | INFO     | trainer.sft                  | ==============================================================================
01:33:03 | INFO     | trainer.sft                  | Training client_1@r2 | shard=client1.jsonl | epochs=1.00 | window=[500, 1000)
01:33:03 | INFO     | trainer.sft                  | ==============================================================================
01:33:05 | INFO     | trainer.sft                  | Loaded client1.jsonl: 500 samples (offset=500, 4837 available) from 1 shard(s)
01:33:05 | INFO     | trainer.sft                  | Loading base model HuggingFaceTB/SmolLM2-360M-Instruct (4bit=True, dtype=torch.bfloat16) ...
01:33:06 | INFO     | trainer.sft                  | Base model load took 1.37s
01:33:06 | INFO     | trainer.sft                  | Resuming from the global adapter at /home/mann/FedChain/outputs/smollm2-360m/seed_42/exp2_fl/round_1/global
01:33:06 | INFO     | trainer.sft                  | LoRA attached: 8,683,520 trainable / 213,218,240 total parameters (4.0726%)
01:33:06 | INFO     | trainer.sft                  | Optimisation plan: 500 samples, effective batch 8, ~63 step(s) over 1.00 epoch(s)
01:33:07 | INFO     | trainer.sft                  | Starting local optimisation via trl.SFTTrainer ...
01:40:02 | INFO     | trainer.sft                  | client_1@r2 finished in 6m 57.8s | train_loss=2.0203 | peak VRAM=1269.43 MB
01:40:03 | INFO     | trainer.sft                  | ==============================================================================
01:40:03 | INFO     | trainer.sft                  | Training client_2@r2 | shard=client2.jsonl | epochs=1.00 | window=[500, 1000)
01:40:03 | INFO     | trainer.sft                  | ==============================================================================
01:40:04 | INFO     | trainer.sft                  | Loaded client2.jsonl: 500 samples (offset=500, 4837 available) from 1 shard(s)
01:40:04 | INFO     | trainer.sft                  | Loading base model HuggingFaceTB/SmolLM2-360M-Instruct (4bit=True, dtype=torch.bfloat16) ...
01:40:05 | INFO     | trainer.sft                  | Base model load took 1.31s
01:40:05 | INFO     | trainer.sft                  | Resuming from the global adapter at /home/mann/FedChain/outputs/smollm2-360m/seed_42/exp2_fl/round_1/global
01:40:06 | INFO     | trainer.sft                  | LoRA attached: 8,683,520 trainable / 213,218,240 total parameters (4.0726%)
01:40:06 | INFO     | trainer.sft                  | Optimisation plan: 500 samples, effective batch 8, ~63 step(s) over 1.00 epoch(s)
01:40:07 | INFO     | trainer.sft                  | Starting local optimisation via trl.SFTTrainer ...
01:47:24 | INFO     | trainer.sft                  | client_2@r2 finished in 7m 21.4s | train_loss=2.0231 | peak VRAM=1448.62 MB
01:47:26 | INFO     | trainer.sft                  | ==============================================================================
01:47:26 | INFO     | trainer.sft                  | Training client_3@r2 | shard=client3.jsonl | epochs=1.00 | window=[500, 1000)
01:47:26 | INFO     | trainer.sft                  | ==============================================================================
01:47:27 | INFO     | trainer.sft                  | Loaded client3.jsonl: 500 samples (offset=500, 4837 available) from 1 shard(s)
01:47:27 | INFO     | trainer.sft                  | Loading base model HuggingFaceTB/SmolLM2-360M-Instruct (4bit=True, dtype=torch.bfloat16) ...
01:47:28 | INFO     | trainer.sft                  | Base model load took 1.31s
01:47:28 | INFO     | trainer.sft                  | Resuming from the global adapter at /home/mann/FedChain/outputs/smollm2-360m/seed_42/exp2_fl/round_1/global
01:47:28 | INFO     | trainer.sft                  | LoRA attached: 8,683,520 trainable / 213,218,240 total parameters (4.0726%)
01:47:28 | INFO     | trainer.sft                  | Optimisation plan: 500 samples, effective batch 8, ~63 step(s) over 1.00 epoch(s)
01:47:29 | INFO     | trainer.sft                  | Starting local optimisation via trl.SFTTrainer ...
01:54:40 | INFO     | trainer.sft                  | client_3@r2 finished in 7m 14.1s | train_loss=2.0480 | peak VRAM=1627.97 MB
01:54:41 | INFO     | trainer.aggregation          | FedAvg over 3 client adapter(s) with weights [0.3333, 0.3333, 0.3333]
01:54:41 | INFO     | trainer.aggregation          | FedAvg complete: 448 LoRA tensors (8,683,520 params) merged in 0.088s -> /home/mann/FedChain/outputs/smollm2-360m/seed_42/exp2_fl/round_2/global (16.620 MB)
01:54:43 | INFO     | evaluation.eval_loss         | Evaluation base model load took 1.40s
01:54:43 | INFO     | evaluation.eval_loss         | Attaching adapter /home/mann/FedChain/outputs/smollm2-360m/seed_42/exp2_fl/round_2/global
01:54:43 | INFO     | evaluation.eval_loss         | Scoring 500 evaluation samples for loss ...
01:55:05 | INFO     | evaluation.eval_loss         |   100/500 scored | running loss=2.0163 ppl=7.5107
01:55:24 | INFO     | evaluation.eval_loss         |   200/500 scored | running loss=2.0325 ppl=7.6332
01:55:45 | INFO     | evaluation.eval_loss         |   300/500 scored | running loss=2.0104 ppl=7.4667
01:56:06 | INFO     | evaluation.eval_loss         |   400/500 scored | running loss=2.0215 ppl=7.5495
01:56:27 | INFO     | evaluation.eval_loss         |   500/500 scored | running loss=2.0395 ppl=7.6871
01:56:27 | INFO     | evaluation.eval_loss         | Generating 50 responses for ROUGE-L / BLEU ...
01:57:12 | INFO     | evaluation.eval_loss         |   generated 10/50
01:58:20 | INFO     | evaluation.eval_loss         |   generated 20/50
01:58:45 | INFO     | evaluation.eval_loss         |   generated 30/50
01:59:38 | INFO     | evaluation.eval_loss         |   generated 40/50
02:00:26 | INFO     | evaluation.eval_loss         |   generated 50/50
02:00:26 | INFO     | evaluation.eval_loss         | Generation quality over 50 samples: ROUGE-L=0.2219 BLEU=0.0455 (backend=builtin, 3m 58.8s)
02:00:26 | INFO     | evaluation.eval_loss         | Evaluation: loss=2.0395 ppl=7.6871 rougeL=0.2219 bleu=0.0455 over 88,069 tokens in 5m 44.3s
02:00:27 | INFO     | trainer.federated            | Round 2 done in 27m 23.3s | comm=99.727 MB | val_loss=2.0395 ppl=7.6871
02:00:27 | INFO     | trainer.federated            | 
02:00:27 | INFO     | trainer.federated            | ##############################################################################
02:00:27 | INFO     | trainer.federated            | # ROUND 3 / 3
02:00:27 | INFO     | trainer.federated            | ##############################################################################
02:00:27 | INFO     | trainer.sft                  | ==============================================================================
02:00:27 | INFO     | trainer.sft                  | Training client_1@r3 | shard=client1.jsonl | epochs=1.00 | window=[1000, 1500)
02:00:27 | INFO     | trainer.sft                  | ==============================================================================
02:00:28 | INFO     | trainer.sft                  | Loaded client1.jsonl: 500 samples (offset=1000, 4837 available) from 1 shard(s)
02:00:28 | INFO     | trainer.sft                  | Loading base model HuggingFaceTB/SmolLM2-360M-Instruct (4bit=True, dtype=torch.bfloat16) ...
02:00:30 | INFO     | trainer.sft                  | Base model load took 1.46s
02:00:30 | INFO     | trainer.sft                  | Resuming from the global adapter at /home/mann/FedChain/outputs/smollm2-360m/seed_42/exp2_fl/round_2/global
02:00:30 | INFO     | trainer.sft                  | LoRA attached: 8,683,520 trainable / 213,218,240 total parameters (4.0726%)
02:00:30 | INFO     | trainer.sft                  | Optimisation plan: 500 samples, effective batch 8, ~63 step(s) over 1.00 epoch(s)
02:00:31 | INFO     | trainer.sft                  | Starting local optimisation via trl.SFTTrainer ...
02:07:20 | INFO     | trainer.sft                  | client_1@r3 finished in 6m 53.0s | train_loss=2.0034 | peak VRAM=1808.42 MB
02:07:21 | INFO     | trainer.sft                  | ==============================================================================
02:07:21 | INFO     | trainer.sft                  | Training client_2@r3 | shard=client2.jsonl | epochs=1.00 | window=[1000, 1500)
02:07:21 | INFO     | trainer.sft                  | ==============================================================================
02:07:23 | INFO     | trainer.sft                  | Loaded client2.jsonl: 500 samples (offset=1000, 4837 available) from 1 shard(s)
02:07:23 | INFO     | trainer.sft                  | Loading base model HuggingFaceTB/SmolLM2-360M-Instruct (4bit=True, dtype=torch.bfloat16) ...
02:07:24 | INFO     | trainer.sft                  | Base model load took 1.22s
02:07:24 | INFO     | trainer.sft                  | Resuming from the global adapter at /home/mann/FedChain/outputs/smollm2-360m/seed_42/exp2_fl/round_2/global
02:07:24 | INFO     | trainer.sft                  | LoRA attached: 8,683,520 trainable / 213,218,240 total parameters (4.0726%)
02:07:24 | INFO     | trainer.sft                  | Optimisation plan: 500 samples, effective batch 8, ~63 step(s) over 1.00 epoch(s)
02:07:25 | INFO     | trainer.sft                  | Starting local optimisation via trl.SFTTrainer ...
02:14:35 | INFO     | trainer.sft                  | client_2@r3 finished in 7m 13.1s | train_loss=2.0118 | peak VRAM=1990.38 MB
02:14:36 | INFO     | trainer.sft                  | ==============================================================================
02:14:36 | INFO     | trainer.sft                  | Training client_3@r3 | shard=client3.jsonl | epochs=1.00 | window=[1000, 1500)
02:14:36 | INFO     | trainer.sft                  | ==============================================================================
02:14:37 | INFO     | trainer.sft                  | Loaded client3.jsonl: 500 samples (offset=1000, 4837 available) from 1 shard(s)
02:14:37 | INFO     | trainer.sft                  | Loading base model HuggingFaceTB/SmolLM2-360M-Instruct (4bit=True, dtype=torch.bfloat16) ...
02:14:39 | INFO     | trainer.sft                  | Base model load took 1.55s
02:14:39 | INFO     | trainer.sft                  | Resuming from the global adapter at /home/mann/FedChain/outputs/smollm2-360m/seed_42/exp2_fl/round_2/global
02:14:39 | INFO     | trainer.sft                  | LoRA attached: 8,683,520 trainable / 213,218,240 total parameters (4.0726%)
02:14:39 | INFO     | trainer.sft                  | Optimisation plan: 500 samples, effective batch 8, ~63 step(s) over 1.00 epoch(s)
02:14:40 | INFO     | trainer.sft                  | Starting local optimisation via trl.SFTTrainer ...
02:22:03 | INFO     | trainer.sft                  | client_3@r3 finished in 7m 26.7s | train_loss=2.0232 | peak VRAM=2168.71 MB
02:22:04 | INFO     | trainer.aggregation          | FedAvg over 3 client adapter(s) with weights [0.3333, 0.3333, 0.3333]
02:22:04 | INFO     | trainer.aggregation          | FedAvg complete: 448 LoRA tensors (8,683,520 params) merged in 0.078s -> /home/mann/FedChain/outputs/smollm2-360m/seed_42/exp2_fl/round_3/global (16.620 MB)
02:22:04 | INFO     | trainer.federated            | Round 3 done in 21m 37.5s | comm=99.727 MB | evaluation skipped
02:22:05 | INFO     | trainer.federated            | ==============================================================================
02:22:05 | INFO     | trainer.federated            | Federated run complete: 3 round(s) in 1h 17m 42.3s | comm=299.182 MB | train=1h 04m 41.7s
02:22:05 | INFO     | trainer.federated            | ==============================================================================
02:22:06 | INFO     | fedchain                     | Final evaluation of /home/mann/FedChain/outputs/smollm2-360m/seed_42/exp2_fl/round_3/global ...
02:22:08 | INFO     | evaluation.eval_loss         | Evaluation base model load took 1.35s
02:22:08 | INFO     | evaluation.eval_loss         | Attaching adapter /home/mann/FedChain/outputs/smollm2-360m/seed_42/exp2_fl/round_3/global
02:22:08 | INFO     | evaluation.eval_loss         | Scoring 500 evaluation samples for loss ...
02:22:29 | INFO     | evaluation.eval_loss         |   100/500 scored | running loss=1.9992 ppl=7.3831
02:22:49 | INFO     | evaluation.eval_loss         |   200/500 scored | running loss=2.0152 ppl=7.5025
02:23:10 | INFO     | evaluation.eval_loss         |   300/500 scored | running loss=1.9937 ppl=7.3429
02:23:31 | INFO     | evaluation.eval_loss         |   400/500 scored | running loss=2.0046 ppl=7.4230
02:23:52 | INFO     | evaluation.eval_loss         |   500/500 scored | running loss=2.0234 ppl=7.5637
02:23:52 | INFO     | evaluation.eval_loss         | Generating 50 responses for ROUGE-L / BLEU ...
02:24:34 | INFO     | evaluation.eval_loss         |   generated 10/50
02:25:25 | INFO     | evaluation.eval_loss         |   generated 20/50
02:25:51 | INFO     | evaluation.eval_loss         |   generated 30/50
02:26:43 | INFO     | evaluation.eval_loss         |   generated 40/50
02:27:28 | INFO     | evaluation.eval_loss         |   generated 50/50
02:27:28 | INFO     | evaluation.eval_loss         | Generation quality over 50 samples: ROUGE-L=0.2470 BLEU=0.0425 (backend=builtin, 3m 36.0s)
02:27:28 | INFO     | evaluation.eval_loss         | Evaluation: loss=2.0234 ppl=7.5637 rougeL=0.2470 bleu=0.0425 over 88,069 tokens in 5m 22.0s
02:27:29 | INFO     | fedchain                     | ------------------------------------------------------------------------------
02:27:29 | INFO     | fedchain                     | COLLECTED METRICS
02:27:29 | INFO     | fedchain                     | ------------------------------------------------------------------------------
02:27:29 | INFO     | fedchain                     |   validation_loss               : 2.0234
02:27:29 | INFO     | fedchain                     |   perplexity                    : 7.5637
02:27:29 | INFO     | fedchain                     |   rouge_l                       : 0.2470
02:27:29 | INFO     | fedchain                     |   bleu                          : 0.0425
02:27:29 | INFO     | fedchain                     |   training_time_sec             : 3881.72
02:27:29 | INFO     | fedchain                     |   communication_volume_mb       : 299.182
02:27:29 | INFO     | fedchain                     |   adapter_size_mb               : 16.620
02:27:29 | INFO     | fedchain                     |   blockchain_tx_latency_sec     : 0.0000
02:27:29 | INFO     | fedchain                     |   blockchain_gas_used           : 0
02:27:29 | INFO     | fedchain                     |   ipfs_upload_latency_sec       : 0.0000
02:27:29 | INFO     | fedchain                     |   ipfs_download_latency_sec     : 0.0000
02:27:29 | INFO     | fedchain                     |   aggregation_time_sec          : 0.2505
02:27:29 | INFO     | fedchain                     |   end_to_end_round_duration_sec : 1553.91
02:27:29 | INFO     | fedchain                     |   total_round_time_sec          : 4661.72
02:27:29 | INFO     | fedchain                     | ------------------------------------------------------------------------------
02:27:29 | INFO     | fedchain                     | Detailed JSON report written to /home/mann/FedChain/results/smollm2-360m/seed_42/exp2_fl_metrics.json
