02:27:32 | INFO     | fedchain                     | ==============================================================================
02:27:32 | INFO     | fedchain                     | FedChain :: exp3_fl_bc
02:27:32 | INFO     | fedchain                     | FedAvg over QLoRA adapters with an on-chain SHA-256 audit trail
02:27:32 | INFO     | fedchain                     | Config: /home/mann/FedChain/configs/exp3_fl_bc.yaml
02:27:32 | INFO     | fedchain                     | Model:  HuggingFaceTB/SmolLM2-360M-Instruct  [tier=smollm2-360m]
02:27:32 | INFO     | fedchain                     | Hugging Face Hub: authenticated via HF_TOKEN
02:27:32 | INFO     | fedchain                     | ==============================================================================
02:27:37 | INFO     | utils.common                 | Device: CUDA -> NVIDIA T600 Laptop GPU (4.00 GB VRAM, sm_75, bf16=True)
02:27:37 | INFO     | fedchain                     | Seed=42 | device=cuda
02:27:37 | INFO     | fedchain                     | Initialising the blockchain audit layer ...
02:27:37 | INFO     | blockchain.logger            | Using unlocked node account 0xf39Fd6e51aad88F6F4ce6aB8827279cffFb92266
02:27:37 | INFO     | blockchain.logger            | Loaded contract bytecode from /home/mann/FedChain/blockchain/artifacts/FedChainAudit.json
02:27:37 | INFO     | blockchain.logger            | Deployed FedChainAudit at 0x7Ce73F8f636C6bD3357A0A8a59e0ab6462C955B0 (gas=1431133, 0.124s)
02:27:37 | INFO     | blockchain.logger            | BlockchainLogger connected: rpc=http://127.0.0.1:8545 chain_id=31337 account=0xf39Fd6e51aad88F6F4ce6aB8827279cffFb92266 contract=0x7Ce73F8f636C6bD3357A0A8a59e0ab6462C955B0
02:27:37 | INFO     | evaluation.eval_loss         | Evaluator ready | 500 loss samples | 50 generation samples | seq_len=512 | device=cuda
02:27:37 | INFO     | fedchain                     | ==============================================================================
02:27:37 | INFO     | fedchain                     | PIPELINE: federated learning | blockchain=True | ipfs=False
02:27:37 | INFO     | fedchain                     | ==============================================================================
02:27:37 | INFO     | trainer.sft                  | LocalTrainer ready | model=HuggingFaceTB/SmolLM2-360M-Instruct device=cuda 4bit=True seq_len=512 dry_run=False
02:27:37 | INFO     | trainer.federated            | FederatedOrchestrator ready | rounds=3 clients=3 blockchain=True ipfs=False checkpoint=True
02:27:37 | INFO     | utils.checkpoint             | No checkpoint at /home/mann/FedChain/outputs/smollm2-360m/seed_42/exp3_fl_bc/checkpoint.json; starting a fresh run.
02:27:37 | INFO     | trainer.federated            | 
02:27:37 | INFO     | trainer.federated            | ##############################################################################
02:27:37 | INFO     | trainer.federated            | # ROUND 1 / 3
02:27:37 | INFO     | trainer.federated            | ##############################################################################
02:27:37 | INFO     | trainer.sft                  | ==============================================================================
02:27:37 | INFO     | trainer.sft                  | Training client_1@r1 | shard=client1.jsonl | epochs=1.00 | window=[0, 500)
02:27:37 | INFO     | trainer.sft                  | ==============================================================================
02:27:40 | INFO     | trainer.sft                  | Loaded client1.jsonl: 500 samples (offset=0, 4837 available) from 1 shard(s)
02:27:40 | INFO     | trainer.sft                  | Loading base model HuggingFaceTB/SmolLM2-360M-Instruct (4bit=True, dtype=torch.bfloat16) ...
02:27:41 | INFO     | trainer.sft                  | Base model load took 1.35s
02:27:41 | INFO     | trainer.sft                  | LoRA attached: 8,683,520 trainable / 213,218,240 total parameters (4.0726%)
02:27:41 | INFO     | trainer.sft                  | Optimisation plan: 500 samples, effective batch 8, ~63 step(s) over 1.00 epoch(s)
02:27:43 | INFO     | trainer.sft                  | Starting local optimisation via trl.SFTTrainer ...
02:34:55 | INFO     | trainer.sft                  | client_1@r1 finished in 7m 17.1s | train_loss=2.0929 | peak VRAM=726.2 MB
02:34:56 | INFO     | blockchain.logger            | [chain:live] round=1 client=client_1 hash=d77512b3abf20907... cid=- gas=260032 latency=0.126s
02:34:56 | INFO     | trainer.sft                  | ==============================================================================
02:34:56 | INFO     | trainer.sft                  | Training client_2@r1 | shard=client2.jsonl | epochs=1.00 | window=[0, 500)
02:34:56 | INFO     | trainer.sft                  | ==============================================================================
02:34:57 | INFO     | trainer.sft                  | Loaded client2.jsonl: 500 samples (offset=0, 4837 available) from 1 shard(s)
02:34:57 | INFO     | trainer.sft                  | Loading base model HuggingFaceTB/SmolLM2-360M-Instruct (4bit=True, dtype=torch.bfloat16) ...
02:34:59 | INFO     | trainer.sft                  | Base model load took 1.33s
02:34:59 | INFO     | trainer.sft                  | LoRA attached: 8,683,520 trainable / 213,218,240 total parameters (4.0726%)
02:34:59 | INFO     | trainer.sft                  | Optimisation plan: 500 samples, effective batch 8, ~63 step(s) over 1.00 epoch(s)
02:35:00 | INFO     | trainer.sft                  | Starting local optimisation via trl.SFTTrainer ...
02:42:16 | INFO     | trainer.sft                  | client_2@r1 finished in 7m 19.6s | train_loss=2.0805 | peak VRAM=907.05 MB
02:42:17 | INFO     | blockchain.logger            | [chain:live] round=1 client=client_2 hash=34b0191a1e03bdcc... cid=- gas=245732 latency=0.124s
02:42:17 | INFO     | trainer.sft                  | ==============================================================================
02:42:17 | INFO     | trainer.sft                  | Training client_3@r1 | shard=client3.jsonl | epochs=1.00 | window=[0, 500)
02:42:17 | INFO     | trainer.sft                  | ==============================================================================
02:42:19 | INFO     | trainer.sft                  | Loaded client3.jsonl: 500 samples (offset=0, 4837 available) from 1 shard(s)
02:42:19 | INFO     | trainer.sft                  | Loading base model HuggingFaceTB/SmolLM2-360M-Instruct (4bit=True, dtype=torch.bfloat16) ...
02:42:20 | INFO     | trainer.sft                  | Base model load took 1.27s
02:42:20 | INFO     | trainer.sft                  | LoRA attached: 8,683,520 trainable / 213,218,240 total parameters (4.0726%)
02:42:20 | INFO     | trainer.sft                  | Optimisation plan: 500 samples, effective batch 8, ~63 step(s) over 1.00 epoch(s)
02:42:21 | INFO     | trainer.sft                  | Starting local optimisation via trl.SFTTrainer ...
02:49:45 | INFO     | trainer.sft                  | client_3@r1 finished in 7m 27.0s | train_loss=2.1148 | peak VRAM=1087.44 MB
02:49:46 | INFO     | blockchain.logger            | [chain:live] round=1 client=client_3 hash=154ea957604b7c41... cid=- gas=245732 latency=0.123s
02:49:46 | INFO     | trainer.aggregation          | FedAvg over 3 client adapter(s) with weights [0.3333, 0.3333, 0.3333]
02:49:46 | INFO     | trainer.aggregation          | FedAvg complete: 448 LoRA tensors (8,683,520 params) merged in 0.073s -> /home/mann/FedChain/outputs/smollm2-360m/seed_42/exp3_fl_bc/round_1/global (16.620 MB)
02:49:46 | INFO     | blockchain.logger            | [chain:live] round=1 client=server_global hash=4e7d0a90e5919570... cid=- gas=245792 latency=0.126s
02:49:47 | INFO     | evaluation.eval_loss         | Evaluation split: 500 samples from eval_500.jsonl
02:49:50 | INFO     | evaluation.eval_loss         | Evaluation base model load took 1.37s
02:49:50 | INFO     | evaluation.eval_loss         | Attaching adapter /home/mann/FedChain/outputs/smollm2-360m/seed_42/exp3_fl_bc/round_1/global
02:49:50 | INFO     | evaluation.eval_loss         | Scoring 500 evaluation samples for loss ...
02:50:12 | INFO     | evaluation.eval_loss         |   100/500 scored | running loss=2.0615 ppl=7.8578
02:50:31 | INFO     | evaluation.eval_loss         |   200/500 scored | running loss=2.0806 ppl=8.0090
02:50:52 | INFO     | evaluation.eval_loss         |   300/500 scored | running loss=2.0577 ppl=7.8283
02:51:13 | INFO     | evaluation.eval_loss         |   400/500 scored | running loss=2.0684 ppl=7.9118
02:51:34 | INFO     | evaluation.eval_loss         |   500/500 scored | running loss=2.0861 ppl=8.0532
02:51:34 | INFO     | evaluation.eval_loss         | Generating 50 responses for ROUGE-L / BLEU ...
02:52:32 | INFO     | evaluation.eval_loss         |   generated 10/50
02:53:37 | INFO     | evaluation.eval_loss         |   generated 20/50
02:54:17 | INFO     | evaluation.eval_loss         |   generated 30/50
02:55:38 | INFO     | evaluation.eval_loss         |   generated 40/50
02:56:41 | INFO     | evaluation.eval_loss         |   generated 50/50
02:56:43 | WARNING  | evaluation.eval_loss         | The `evaluate` library failed to score (To be able to use evaluate-metric/rouge, you need to install the following dependencies['nltk'] using 'pip install nltk' for instance'); using the built-in implementation.
02:56:43 | INFO     | evaluation.eval_loss         | Generation quality over 50 samples: ROUGE-L=0.2506 BLEU=0.0544 (backend=builtin, 5m 07.2s)
02:56:43 | INFO     | evaluation.eval_loss         | Evaluation: loss=2.0861 ppl=8.0532 rougeL=0.2506 bleu=0.0544 over 88,069 tokens in 6m 56.2s
02:56:44 | INFO     | trainer.federated            | Round 1 done in 29m 06.2s | comm=99.727 MB | val_loss=2.0861 ppl=8.0532
02:56:44 | INFO     | trainer.federated            | 
02:56:44 | INFO     | trainer.federated            | ##############################################################################
02:56:44 | INFO     | trainer.federated            | # ROUND 2 / 3
02:56:44 | INFO     | trainer.federated            | ##############################################################################
02:56:44 | INFO     | trainer.sft                  | ==============================================================================
02:56:44 | INFO     | trainer.sft                  | Training client_1@r2 | shard=client1.jsonl | epochs=1.00 | window=[500, 1000)
02:56:44 | INFO     | trainer.sft                  | ==============================================================================
02:56:45 | INFO     | trainer.sft                  | Loaded client1.jsonl: 500 samples (offset=500, 4837 available) from 1 shard(s)
02:56:45 | INFO     | trainer.sft                  | Loading base model HuggingFaceTB/SmolLM2-360M-Instruct (4bit=True, dtype=torch.bfloat16) ...
02:56:46 | INFO     | trainer.sft                  | Base model load took 1.35s
02:56:46 | INFO     | trainer.sft                  | Resuming from the global adapter at /home/mann/FedChain/outputs/smollm2-360m/seed_42/exp3_fl_bc/round_1/global
02:56:47 | INFO     | trainer.sft                  | LoRA attached: 8,683,520 trainable / 213,218,240 total parameters (4.0726%)
02:56:47 | INFO     | trainer.sft                  | Optimisation plan: 500 samples, effective batch 8, ~63 step(s) over 1.00 epoch(s)
02:56:47 | INFO     | trainer.sft                  | Starting local optimisation via trl.SFTTrainer ...
03:03:46 | INFO     | trainer.sft                  | client_1@r2 finished in 7m 01.7s | train_loss=2.0203 | peak VRAM=1269.43 MB
03:03:47 | INFO     | blockchain.logger            | [chain:live] round=2 client=client_1 hash=61cffd795426da6d... cid=- gas=262832 latency=0.136s
03:03:47 | INFO     | trainer.sft                  | ==============================================================================
03:03:47 | INFO     | trainer.sft                  | Training client_2@r2 | shard=client2.jsonl | epochs=1.00 | window=[500, 1000)
03:03:47 | INFO     | trainer.sft                  | ==============================================================================
03:03:48 | INFO     | trainer.sft                  | Loaded client2.jsonl: 500 samples (offset=500, 4837 available) from 1 shard(s)
03:03:48 | INFO     | trainer.sft                  | Loading base model HuggingFaceTB/SmolLM2-360M-Instruct (4bit=True, dtype=torch.bfloat16) ...
03:03:50 | INFO     | trainer.sft                  | Base model load took 1.30s
03:03:50 | INFO     | trainer.sft                  | Resuming from the global adapter at /home/mann/FedChain/outputs/smollm2-360m/seed_42/exp3_fl_bc/round_1/global
03:03:50 | INFO     | trainer.sft                  | LoRA attached: 8,683,520 trainable / 213,218,240 total parameters (4.0726%)
03:03:50 | INFO     | trainer.sft                  | Optimisation plan: 500 samples, effective batch 8, ~63 step(s) over 1.00 epoch(s)
03:03:51 | INFO     | trainer.sft                  | Starting local optimisation via trl.SFTTrainer ...
03:11:20 | INFO     | trainer.sft                  | client_2@r2 finished in 7m 32.6s | train_loss=2.0231 | peak VRAM=1448.62 MB
03:11:21 | INFO     | blockchain.logger            | [chain:live] round=2 client=client_2 hash=5ec31b1993a1c9fa... cid=- gas=245732 latency=0.127s
03:11:22 | INFO     | trainer.sft                  | ==============================================================================
03:11:22 | INFO     | trainer.sft                  | Training client_3@r2 | shard=client3.jsonl | epochs=1.00 | window=[500, 1000)
03:11:22 | INFO     | trainer.sft                  | ==============================================================================
03:11:23 | INFO     | trainer.sft                  | Loaded client3.jsonl: 500 samples (offset=500, 4837 available) from 1 shard(s)
03:11:23 | INFO     | trainer.sft                  | Loading base model HuggingFaceTB/SmolLM2-360M-Instruct (4bit=True, dtype=torch.bfloat16) ...
03:11:24 | INFO     | trainer.sft                  | Base model load took 1.44s
03:11:24 | INFO     | trainer.sft                  | Resuming from the global adapter at /home/mann/FedChain/outputs/smollm2-360m/seed_42/exp3_fl_bc/round_1/global
03:11:25 | INFO     | trainer.sft                  | LoRA attached: 8,683,520 trainable / 213,218,240 total parameters (4.0726%)
03:11:25 | INFO     | trainer.sft                  | Optimisation plan: 500 samples, effective batch 8, ~63 step(s) over 1.00 epoch(s)
03:11:26 | INFO     | trainer.sft                  | Starting local optimisation via trl.SFTTrainer ...
03:18:47 | INFO     | trainer.sft                  | client_3@r2 finished in 7m 25.4s | train_loss=2.0480 | peak VRAM=1627.97 MB
03:18:49 | INFO     | blockchain.logger            | [chain:live] round=2 client=client_3 hash=c3a18b3c0fea683b... cid=- gas=245732 latency=0.123s
03:18:49 | INFO     | trainer.aggregation          | FedAvg over 3 client adapter(s) with weights [0.3333, 0.3333, 0.3333]
03:18:49 | INFO     | trainer.aggregation          | FedAvg complete: 448 LoRA tensors (8,683,520 params) merged in 0.085s -> /home/mann/FedChain/outputs/smollm2-360m/seed_42/exp3_fl_bc/round_2/global (16.620 MB)
03:18:49 | INFO     | blockchain.logger            | [chain:live] round=2 client=server_global hash=31792f3041b3a439... cid=- gas=245792 latency=0.122s
03:18:51 | INFO     | evaluation.eval_loss         | Evaluation base model load took 1.38s
03:18:51 | INFO     | evaluation.eval_loss         | Attaching adapter /home/mann/FedChain/outputs/smollm2-360m/seed_42/exp3_fl_bc/round_2/global
03:18:51 | INFO     | evaluation.eval_loss         | Scoring 500 evaluation samples for loss ...
03:19:13 | INFO     | evaluation.eval_loss         |   100/500 scored | running loss=2.0163 ppl=7.5107
03:19:33 | INFO     | evaluation.eval_loss         |   200/500 scored | running loss=2.0325 ppl=7.6332
03:19:53 | INFO     | evaluation.eval_loss         |   300/500 scored | running loss=2.0104 ppl=7.4667
03:20:15 | INFO     | evaluation.eval_loss         |   400/500 scored | running loss=2.0215 ppl=7.5495
03:20:36 | INFO     | evaluation.eval_loss         |   500/500 scored | running loss=2.0395 ppl=7.6871
03:20:36 | INFO     | evaluation.eval_loss         | Generating 50 responses for ROUGE-L / BLEU ...
03:21:21 | INFO     | evaluation.eval_loss         |   generated 10/50
03:22:29 | INFO     | evaluation.eval_loss         |   generated 20/50
03:22:55 | INFO     | evaluation.eval_loss         |   generated 30/50
03:23:48 | INFO     | evaluation.eval_loss         |   generated 40/50
03:24:34 | INFO     | evaluation.eval_loss         |   generated 50/50
03:24:34 | INFO     | evaluation.eval_loss         | Generation quality over 50 samples: ROUGE-L=0.2219 BLEU=0.0455 (backend=builtin, 3m 58.0s)
03:24:34 | INFO     | evaluation.eval_loss         | Evaluation: loss=2.0395 ppl=7.6871 rougeL=0.2219 bleu=0.0455 over 88,069 tokens in 5m 44.9s
03:24:35 | INFO     | trainer.federated            | Round 2 done in 27m 51.3s | comm=99.727 MB | val_loss=2.0395 ppl=7.6871
03:24:35 | INFO     | trainer.federated            | 
03:24:35 | INFO     | trainer.federated            | ##############################################################################
03:24:35 | INFO     | trainer.federated            | # ROUND 3 / 3
03:24:35 | INFO     | trainer.federated            | ##############################################################################
03:24:35 | INFO     | trainer.sft                  | ==============================================================================
03:24:35 | INFO     | trainer.sft                  | Training client_1@r3 | shard=client1.jsonl | epochs=1.00 | window=[1000, 1500)
03:24:35 | INFO     | trainer.sft                  | ==============================================================================
03:24:37 | INFO     | trainer.sft                  | Loaded client1.jsonl: 500 samples (offset=1000, 4837 available) from 1 shard(s)
03:24:37 | INFO     | trainer.sft                  | Loading base model HuggingFaceTB/SmolLM2-360M-Instruct (4bit=True, dtype=torch.bfloat16) ...
03:24:38 | INFO     | trainer.sft                  | Base model load took 1.35s
03:24:38 | INFO     | trainer.sft                  | Resuming from the global adapter at /home/mann/FedChain/outputs/smollm2-360m/seed_42/exp3_fl_bc/round_2/global
03:24:38 | INFO     | trainer.sft                  | LoRA attached: 8,683,520 trainable / 213,218,240 total parameters (4.0726%)
03:24:38 | INFO     | trainer.sft                  | Optimisation plan: 500 samples, effective batch 8, ~63 step(s) over 1.00 epoch(s)
03:24:39 | INFO     | trainer.sft                  | Starting local optimisation via trl.SFTTrainer ...
03:31:32 | INFO     | trainer.sft                  | client_1@r3 finished in 6m 56.7s | train_loss=2.0034 | peak VRAM=1808.42 MB
03:31:34 | INFO     | blockchain.logger            | [chain:live] round=3 client=client_1 hash=1b02db949104851a... cid=- gas=262832 latency=0.125s
03:31:34 | INFO     | trainer.sft                  | ==============================================================================
03:31:34 | INFO     | trainer.sft                  | Training client_2@r3 | shard=client2.jsonl | epochs=1.00 | window=[1000, 1500)
03:31:34 | INFO     | trainer.sft                  | ==============================================================================
03:31:35 | INFO     | trainer.sft                  | Loaded client2.jsonl: 500 samples (offset=1000, 4837 available) from 1 shard(s)
03:31:35 | INFO     | trainer.sft                  | Loading base model HuggingFaceTB/SmolLM2-360M-Instruct (4bit=True, dtype=torch.bfloat16) ...
03:31:37 | INFO     | trainer.sft                  | Base model load took 1.38s
03:31:37 | INFO     | trainer.sft                  | Resuming from the global adapter at /home/mann/FedChain/outputs/smollm2-360m/seed_42/exp3_fl_bc/round_2/global
03:31:37 | INFO     | trainer.sft                  | LoRA attached: 8,683,520 trainable / 213,218,240 total parameters (4.0726%)
03:31:37 | INFO     | trainer.sft                  | Optimisation plan: 500 samples, effective batch 8, ~63 step(s) over 1.00 epoch(s)
03:31:38 | INFO     | trainer.sft                  | Starting local optimisation via trl.SFTTrainer ...
03:38:51 | INFO     | trainer.sft                  | client_2@r3 finished in 7m 16.3s | train_loss=2.0118 | peak VRAM=1990.38 MB
03:38:52 | INFO     | blockchain.logger            | [chain:live] round=3 client=client_2 hash=71a4bec96d7dec8d... cid=- gas=245732 latency=0.126s
03:38:52 | INFO     | trainer.sft                  | ==============================================================================
03:38:52 | INFO     | trainer.sft                  | Training client_3@r3 | shard=client3.jsonl | epochs=1.00 | window=[1000, 1500)
03:38:52 | INFO     | trainer.sft                  | ==============================================================================
03:38:53 | INFO     | trainer.sft                  | Loaded client3.jsonl: 500 samples (offset=1000, 4837 available) from 1 shard(s)
03:38:53 | INFO     | trainer.sft                  | Loading base model HuggingFaceTB/SmolLM2-360M-Instruct (4bit=True, dtype=torch.bfloat16) ...
03:38:55 | INFO     | trainer.sft                  | Base model load took 1.41s
03:38:55 | INFO     | trainer.sft                  | Resuming from the global adapter at /home/mann/FedChain/outputs/smollm2-360m/seed_42/exp3_fl_bc/round_2/global
03:38:55 | INFO     | trainer.sft                  | LoRA attached: 8,683,520 trainable / 213,218,240 total parameters (4.0726%)
03:38:55 | INFO     | trainer.sft                  | Optimisation plan: 500 samples, effective batch 8, ~63 step(s) over 1.00 epoch(s)
03:38:56 | INFO     | trainer.sft                  | Starting local optimisation via trl.SFTTrainer ...
03:46:15 | INFO     | trainer.sft                  | client_3@r3 finished in 7m 22.1s | train_loss=2.0232 | peak VRAM=2168.71 MB
03:46:16 | INFO     | blockchain.logger            | [chain:live] round=3 client=client_3 hash=852e35b38f06313d... cid=- gas=245732 latency=0.122s
03:46:16 | INFO     | trainer.aggregation          | FedAvg over 3 client adapter(s) with weights [0.3333, 0.3333, 0.3333]
03:46:16 | INFO     | trainer.aggregation          | FedAvg complete: 448 LoRA tensors (8,683,520 params) merged in 0.094s -> /home/mann/FedChain/outputs/smollm2-360m/seed_42/exp3_fl_bc/round_3/global (16.620 MB)
03:46:16 | INFO     | blockchain.logger            | [chain:live] round=3 client=server_global hash=a9627f1c9799353f... cid=- gas=245792 latency=0.125s
03:46:16 | INFO     | trainer.federated            | Round 3 done in 21m 41.1s | comm=99.727 MB | evaluation skipped
03:46:17 | INFO     | trainer.federated            | ==============================================================================
03:46:17 | INFO     | trainer.federated            | Federated run complete: 3 round(s) in 1h 18m 39.2s | comm=299.182 MB | train=1h 05m 38.5s
03:46:17 | INFO     | trainer.federated            | ==============================================================================
03:46:18 | INFO     | fedchain                     | Final evaluation of /home/mann/FedChain/outputs/smollm2-360m/seed_42/exp3_fl_bc/round_3/global ...
03:46:20 | INFO     | evaluation.eval_loss         | Evaluation base model load took 1.52s
03:46:20 | INFO     | evaluation.eval_loss         | Attaching adapter /home/mann/FedChain/outputs/smollm2-360m/seed_42/exp3_fl_bc/round_3/global
03:46:20 | INFO     | evaluation.eval_loss         | Scoring 500 evaluation samples for loss ...
03:46:43 | INFO     | evaluation.eval_loss         |   100/500 scored | running loss=1.9992 ppl=7.3831
03:47:04 | INFO     | evaluation.eval_loss         |   200/500 scored | running loss=2.0152 ppl=7.5025
03:47:25 | INFO     | evaluation.eval_loss         |   300/500 scored | running loss=1.9937 ppl=7.3429
03:47:46 | INFO     | evaluation.eval_loss         |   400/500 scored | running loss=2.0046 ppl=7.4230
03:48:07 | INFO     | evaluation.eval_loss         |   500/500 scored | running loss=2.0234 ppl=7.5637
03:48:07 | INFO     | evaluation.eval_loss         | Generating 50 responses for ROUGE-L / BLEU ...
03:48:49 | INFO     | evaluation.eval_loss         |   generated 10/50
03:49:42 | INFO     | evaluation.eval_loss         |   generated 20/50
03:50:07 | INFO     | evaluation.eval_loss         |   generated 30/50
03:51:00 | INFO     | evaluation.eval_loss         |   generated 40/50
03:51:46 | INFO     | evaluation.eval_loss         |   generated 50/50
03:51:46 | INFO     | evaluation.eval_loss         | Generation quality over 50 samples: ROUGE-L=0.2470 BLEU=0.0425 (backend=builtin, 3m 38.4s)
03:51:46 | INFO     | evaluation.eval_loss         | Evaluation: loss=2.0234 ppl=7.5637 rougeL=0.2470 bleu=0.0425 over 88,069 tokens in 5m 27.3s
03:51:47 | INFO     | fedchain                     | ------------------------------------------------------------------------------
03:51:47 | INFO     | fedchain                     | COLLECTED METRICS
03:51:47 | INFO     | fedchain                     | ------------------------------------------------------------------------------
03:51:47 | INFO     | fedchain                     |   validation_loss               : 2.0234
03:51:47 | INFO     | fedchain                     |   perplexity                    : 7.5637
03:51:47 | INFO     | fedchain                     |   rouge_l                       : 0.2470
03:51:47 | INFO     | fedchain                     |   bleu                          : 0.0425
03:51:47 | INFO     | fedchain                     |   training_time_sec             : 3938.45
03:51:47 | INFO     | fedchain                     |   communication_volume_mb       : 299.182
03:51:47 | INFO     | fedchain                     |   adapter_size_mb               : 16.620
03:51:47 | INFO     | fedchain                     |   blockchain_tx_latency_sec     : 1.5056
03:51:47 | INFO     | fedchain                     |   blockchain_gas_used           : 2,997,464
03:51:47 | INFO     | fedchain                     |   ipfs_upload_latency_sec       : 0.0000
03:51:47 | INFO     | fedchain                     |   ipfs_download_latency_sec     : 0.0000
03:51:47 | INFO     | fedchain                     |   aggregation_time_sec          : 0.2518
03:51:47 | INFO     | fedchain                     |   end_to_end_round_duration_sec : 1572.89
03:51:47 | INFO     | fedchain                     |   total_round_time_sec          : 4718.67
03:51:47 | INFO     | fedchain                     | ------------------------------------------------------------------------------
03:51:47 | INFO     | fedchain                     | Detailed JSON report written to /home/mann/FedChain/results/smollm2-360m/seed_42/exp3_fl_bc_metrics.json
03:51:47 | INFO     | blockchain.logger            | Audit trail exported to /home/mann/FedChain/results/smollm2-360m/seed_42/exp3_fl_bc_audit_trail.json
