03:51:50 | INFO     | fedchain                     | ==============================================================================
03:51:50 | INFO     | fedchain                     | FedChain :: exp4_fedchain
03:51:50 | INFO     | fedchain                     | FedChain: auditable federated QLoRA with blockchain anchoring and IPFS transport
03:51:50 | INFO     | fedchain                     | Config: /home/mann/FedChain/configs/exp4_fedchain.yaml
03:51:50 | INFO     | fedchain                     | Model:  HuggingFaceTB/SmolLM2-360M-Instruct  [tier=smollm2-360m]
03:51:50 | INFO     | fedchain                     | Hugging Face Hub: authenticated via HF_TOKEN
03:51:50 | INFO     | fedchain                     | ==============================================================================
03:51:55 | INFO     | utils.common                 | Device: CUDA -> NVIDIA T600 Laptop GPU (4.00 GB VRAM, sm_75, bf16=True)
03:51:55 | INFO     | fedchain                     | Seed=42 | device=cuda
03:51:55 | INFO     | fedchain                     | Initialising the blockchain audit layer ...
03:51:55 | INFO     | blockchain.logger            | Using unlocked node account 0xf39Fd6e51aad88F6F4ce6aB8827279cffFb92266
03:51:55 | INFO     | blockchain.logger            | Loaded contract bytecode from /home/mann/FedChain/blockchain/artifacts/FedChainAudit.json
03:51:55 | INFO     | blockchain.logger            | Deployed FedChainAudit at 0xa8d297D643a11cE83b432e87eEBce6bee0fd2bAb (gas=1431133, 0.122s)
03:51:55 | INFO     | blockchain.logger            | BlockchainLogger connected: rpc=http://127.0.0.1:8545 chain_id=31337 account=0xf39Fd6e51aad88F6F4ce6aB8827279cffFb92266 contract=0xa8d297D643a11cE83b432e87eEBce6bee0fd2bAb
03:51:55 | INFO     | fedchain                     | Initialising the IPFS storage layer ...
03:51:55 | INFO     | ipfs.pinata_client           | IPFSManager backend: local IPFS daemon (http://127.0.0.1:5001)
03:51:55 | INFO     | evaluation.eval_loss         | Evaluator ready | 500 loss samples | 50 generation samples | seq_len=512 | device=cuda
03:51:55 | INFO     | fedchain                     | ==============================================================================
03:51:55 | INFO     | fedchain                     | PIPELINE: federated learning | blockchain=True | ipfs=True
03:51:55 | INFO     | fedchain                     | ==============================================================================
03:51:55 | INFO     | trainer.sft                  | LocalTrainer ready | model=HuggingFaceTB/SmolLM2-360M-Instruct device=cuda 4bit=True seq_len=512 dry_run=False
03:51:55 | INFO     | trainer.federated            | FederatedOrchestrator ready | rounds=3 clients=3 blockchain=True ipfs=True checkpoint=True
03:51:55 | INFO     | utils.checkpoint             | No checkpoint at /home/mann/FedChain/outputs/smollm2-360m/seed_42/exp4_fedchain/checkpoint.json; starting a fresh run.
03:51:55 | INFO     | trainer.federated            | 
03:51:55 | INFO     | trainer.federated            | ##############################################################################
03:51:55 | INFO     | trainer.federated            | # ROUND 1 / 3
03:51:55 | INFO     | trainer.federated            | ##############################################################################
03:51:55 | INFO     | trainer.sft                  | ==============================================================================
03:51:55 | INFO     | trainer.sft                  | Training client_1@r1 | shard=client1.jsonl | epochs=1.00 | window=[0, 500)
03:51:55 | INFO     | trainer.sft                  | ==============================================================================
03:51:58 | INFO     | trainer.sft                  | Loaded client1.jsonl: 500 samples (offset=0, 4837 available) from 1 shard(s)
03:51:58 | INFO     | trainer.sft                  | Loading base model HuggingFaceTB/SmolLM2-360M-Instruct (4bit=True, dtype=torch.bfloat16) ...
03:51:59 | INFO     | trainer.sft                  | Base model load took 1.36s
03:51:59 | INFO     | trainer.sft                  | LoRA attached: 8,683,520 trainable / 213,218,240 total parameters (4.0726%)
03:51:59 | INFO     | trainer.sft                  | Optimisation plan: 500 samples, effective batch 8, ~63 step(s) over 1.00 epoch(s)
03:52:00 | INFO     | trainer.sft                  | Starting local optimisation via trl.SFTTrainer ...
03:59:08 | INFO     | trainer.sft                  | client_1@r1 finished in 7m 12.1s | train_loss=2.0929 | peak VRAM=726.2 MB
03:59:10 | INFO     | ipfs.pinata_client           | [ipfs:local] uploaded client_1 -> QmTdjcaHR5oC2bTNkWQQiHodfGyPzWk2oNqy2KWzBgnSWa (13.073 MB in 1.407s)
03:59:10 | INFO     | blockchain.logger            | [chain:live] round=1 client=client_1 hash=d77512b3abf20907... cid=QmTdjcaHR5oC2bTNkWQQiHodfGyPzWk2oNqy2KWzBgnSWa gas=325691 latency=0.127s
03:59:11 | INFO     | trainer.sft                  | ==============================================================================
03:59:11 | INFO     | trainer.sft                  | Training client_2@r1 | shard=client2.jsonl | epochs=1.00 | window=[0, 500)
03:59:11 | INFO     | trainer.sft                  | ==============================================================================
03:59:12 | INFO     | trainer.sft                  | Loaded client2.jsonl: 500 samples (offset=0, 4837 available) from 1 shard(s)
03:59:12 | INFO     | trainer.sft                  | Loading base model HuggingFaceTB/SmolLM2-360M-Instruct (4bit=True, dtype=torch.bfloat16) ...
03:59:13 | INFO     | trainer.sft                  | Base model load took 1.33s
03:59:13 | INFO     | trainer.sft                  | LoRA attached: 8,683,520 trainable / 213,218,240 total parameters (4.0726%)
03:59:13 | INFO     | trainer.sft                  | Optimisation plan: 500 samples, effective batch 8, ~63 step(s) over 1.00 epoch(s)
03:59:14 | INFO     | trainer.sft                  | Starting local optimisation via trl.SFTTrainer ...
04:06:28 | INFO     | trainer.sft                  | client_2@r1 finished in 7m 17.5s | train_loss=2.0805 | peak VRAM=907.05 MB
04:06:31 | INFO     | ipfs.pinata_client           | [ipfs:local] uploaded client_2 -> QmWMeYbXtSwydvEixWhr7q8CtPa69UaGui42s9ZimqNSgZ (13.065 MB in 1.510s)
04:06:31 | INFO     | blockchain.logger            | [chain:live] round=1 client=client_2 hash=34b0191a1e03bdcc... cid=QmWMeYbXtSwydvEixWhr7q8CtPa69UaGui42s9ZimqNSgZ gas=311391 latency=0.122s
04:06:31 | INFO     | trainer.sft                  | ==============================================================================
04:06:31 | INFO     | trainer.sft                  | Training client_3@r1 | shard=client3.jsonl | epochs=1.00 | window=[0, 500)
04:06:31 | INFO     | trainer.sft                  | ==============================================================================
04:06:32 | INFO     | trainer.sft                  | Loaded client3.jsonl: 500 samples (offset=0, 4837 available) from 1 shard(s)
04:06:32 | INFO     | trainer.sft                  | Loading base model HuggingFaceTB/SmolLM2-360M-Instruct (4bit=True, dtype=torch.bfloat16) ...
04:06:34 | INFO     | trainer.sft                  | Base model load took 1.34s
04:06:34 | INFO     | trainer.sft                  | LoRA attached: 8,683,520 trainable / 213,218,240 total parameters (4.0726%)
04:06:34 | INFO     | trainer.sft                  | Optimisation plan: 500 samples, effective batch 8, ~63 step(s) over 1.00 epoch(s)
04:06:35 | INFO     | trainer.sft                  | Starting local optimisation via trl.SFTTrainer ...
04:13:53 | INFO     | trainer.sft                  | client_3@r1 finished in 7m 21.5s | train_loss=2.1148 | peak VRAM=1087.44 MB
04:13:55 | INFO     | ipfs.pinata_client           | [ipfs:local] uploaded client_3 -> QmSocwJMPSdHf4LTm1xqTWxZPRxTgtRX5nPgdFh6Gofw46 (13.067 MB in 1.411s)
04:13:56 | INFO     | blockchain.logger            | [chain:live] round=1 client=client_3 hash=154ea957604b7c41... cid=QmSocwJMPSdHf4LTm1xqTWxZPRxTgtRX5nPgdFh6Gofw46 gas=311391 latency=0.128s
04:13:56 | INFO     | ipfs.pinata_client           | [ipfs:local] downloaded QmTdjcaHR5oC2bTNkWQQiHodfGyPzWk2oNqy2KWzBgnSWa -> /home/mann/FedChain/outputs/smollm2-360m/seed_42/exp4_fedchain/round_1/_retrieved/client_1 (13.073 MB in 0.315s)
04:13:56 | INFO     | trainer.federated            | Integrity verified for client_1 (d77512b3abf20907...)
04:13:57 | INFO     | ipfs.pinata_client           | [ipfs:local] downloaded QmWMeYbXtSwydvEixWhr7q8CtPa69UaGui42s9ZimqNSgZ -> /home/mann/FedChain/outputs/smollm2-360m/seed_42/exp4_fedchain/round_1/_retrieved/client_2 (13.065 MB in 0.298s)
04:13:57 | INFO     | trainer.federated            | Integrity verified for client_2 (34b0191a1e03bdcc...)
04:13:57 | INFO     | ipfs.pinata_client           | [ipfs:local] downloaded QmSocwJMPSdHf4LTm1xqTWxZPRxTgtRX5nPgdFh6Gofw46 -> /home/mann/FedChain/outputs/smollm2-360m/seed_42/exp4_fedchain/round_1/_retrieved/client_3 (13.067 MB in 0.295s)
04:13:57 | INFO     | trainer.federated            | Integrity verified for client_3 (154ea957604b7c41...)
04:13:57 | INFO     | trainer.aggregation          | FedAvg over 3 client adapter(s) with weights [0.3333, 0.3333, 0.3333]
04:13:57 | INFO     | trainer.aggregation          | FedAvg complete: 448 LoRA tensors (8,683,520 params) merged in 0.070s -> /home/mann/FedChain/outputs/smollm2-360m/seed_42/exp4_fedchain/round_1/global (16.620 MB)
04:13:58 | INFO     | ipfs.pinata_client           | [ipfs:local] uploaded global -> QmWd7GqSNVExse2d1NYAPbFXMLHDKT7V651fVyStyjrgJk (13.122 MB in 1.358s)
04:13:59 | INFO     | blockchain.logger            | [chain:live] round=1 client=server_global hash=4e7d0a90e5919570... cid=QmWd7GqSNVExse2d1NYAPbFXMLHDKT7V651fVyStyjrgJk gas=311451 latency=0.123s
04:14:00 | INFO     | evaluation.eval_loss         | Evaluation split: 500 samples from eval_500.jsonl
04:14:02 | INFO     | evaluation.eval_loss         | Evaluation base model load took 1.37s
04:14:02 | INFO     | evaluation.eval_loss         | Attaching adapter /home/mann/FedChain/outputs/smollm2-360m/seed_42/exp4_fedchain/round_1/global
04:14:03 | INFO     | evaluation.eval_loss         | Scoring 500 evaluation samples for loss ...
04:14:24 | INFO     | evaluation.eval_loss         |   100/500 scored | running loss=2.0615 ppl=7.8578
04:14:43 | INFO     | evaluation.eval_loss         |   200/500 scored | running loss=2.0806 ppl=8.0090
04:15:04 | INFO     | evaluation.eval_loss         |   300/500 scored | running loss=2.0577 ppl=7.8283
04:15:25 | INFO     | evaluation.eval_loss         |   400/500 scored | running loss=2.0684 ppl=7.9118
04:15:46 | INFO     | evaluation.eval_loss         |   500/500 scored | running loss=2.0861 ppl=8.0532
04:15:46 | INFO     | evaluation.eval_loss         | Generating 50 responses for ROUGE-L / BLEU ...
04:16:43 | INFO     | evaluation.eval_loss         |   generated 10/50
04:17:51 | INFO     | evaluation.eval_loss         |   generated 20/50
04:18:34 | INFO     | evaluation.eval_loss         |   generated 30/50
04:19:57 | INFO     | evaluation.eval_loss         |   generated 40/50
04:21:01 | INFO     | evaluation.eval_loss         |   generated 50/50
04:21:02 | WARNING  | evaluation.eval_loss         | The `evaluate` library failed to score (To be able to use evaluate-metric/rouge, you need to install the following dependencies['nltk'] using 'pip install nltk' for instance'); using the built-in implementation.
04:21:02 | INFO     | evaluation.eval_loss         | Generation quality over 50 samples: ROUGE-L=0.2506 BLEU=0.0544 (backend=builtin, 5m 14.6s)
04:21:02 | INFO     | evaluation.eval_loss         | Evaluation: loss=2.0861 ppl=8.0532 rougeL=0.2506 bleu=0.0544 over 88,069 tokens in 7m 03.2s
04:21:03 | INFO     | trainer.federated            | Round 1 done in 29m 07.7s | comm=130.897 MB | val_loss=2.0861 ppl=8.0532
04:21:03 | INFO     | trainer.federated            | 
04:21:03 | INFO     | trainer.federated            | ##############################################################################
04:21:03 | INFO     | trainer.federated            | # ROUND 2 / 3
04:21:03 | INFO     | trainer.federated            | ##############################################################################
04:21:03 | INFO     | trainer.sft                  | ==============================================================================
04:21:03 | INFO     | trainer.sft                  | Training client_1@r2 | shard=client1.jsonl | epochs=1.00 | window=[500, 1000)
04:21:03 | INFO     | trainer.sft                  | ==============================================================================
04:21:04 | INFO     | trainer.sft                  | Loaded client1.jsonl: 500 samples (offset=500, 4837 available) from 1 shard(s)
04:21:04 | INFO     | trainer.sft                  | Loading base model HuggingFaceTB/SmolLM2-360M-Instruct (4bit=True, dtype=torch.bfloat16) ...
04:21:06 | INFO     | trainer.sft                  | Base model load took 1.49s
04:21:06 | INFO     | trainer.sft                  | Resuming from the global adapter at /home/mann/FedChain/outputs/smollm2-360m/seed_42/exp4_fedchain/round_1/global
04:21:06 | INFO     | trainer.sft                  | LoRA attached: 8,683,520 trainable / 213,218,240 total parameters (4.0726%)
04:21:06 | INFO     | trainer.sft                  | Optimisation plan: 500 samples, effective batch 8, ~63 step(s) over 1.00 epoch(s)
04:21:07 | INFO     | trainer.sft                  | Starting local optimisation via trl.SFTTrainer ...
04:28:08 | INFO     | trainer.sft                  | client_1@r2 finished in 7m 04.4s | train_loss=2.0203 | peak VRAM=1269.43 MB
04:28:11 | INFO     | ipfs.pinata_client           | [ipfs:local] uploaded client_1 -> QmcLSCFTSeVkYZ4GpskCKfYtwYQC58xKiVC41SNq6Cbgc7 (13.133 MB in 1.463s)
04:28:11 | INFO     | blockchain.logger            | [chain:live] round=2 client=client_1 hash=61cffd795426da6d... cid=QmcLSCFTSeVkYZ4GpskCKfYtwYQC58xKiVC41SNq6Cbgc7 gas=328491 latency=0.126s
04:28:11 | INFO     | trainer.sft                  | ==============================================================================
04:28:11 | INFO     | trainer.sft                  | Training client_2@r2 | shard=client2.jsonl | epochs=1.00 | window=[500, 1000)
04:28:11 | INFO     | trainer.sft                  | ==============================================================================
04:28:12 | INFO     | trainer.sft                  | Loaded client2.jsonl: 500 samples (offset=500, 4837 available) from 1 shard(s)
04:28:12 | INFO     | trainer.sft                  | Loading base model HuggingFaceTB/SmolLM2-360M-Instruct (4bit=True, dtype=torch.bfloat16) ...
04:28:14 | INFO     | trainer.sft                  | Base model load took 1.40s
04:28:14 | INFO     | trainer.sft                  | Resuming from the global adapter at /home/mann/FedChain/outputs/smollm2-360m/seed_42/exp4_fedchain/round_1/global
04:28:14 | INFO     | trainer.sft                  | LoRA attached: 8,683,520 trainable / 213,218,240 total parameters (4.0726%)
04:28:14 | INFO     | trainer.sft                  | Optimisation plan: 500 samples, effective batch 8, ~63 step(s) over 1.00 epoch(s)
04:28:15 | INFO     | trainer.sft                  | Starting local optimisation via trl.SFTTrainer ...
04:35:47 | INFO     | trainer.sft                  | client_2@r2 finished in 7m 36.1s | train_loss=2.0231 | peak VRAM=1448.62 MB
04:35:50 | INFO     | ipfs.pinata_client           | [ipfs:local] uploaded client_2 -> QmXEtQ3DWotj5TXuGR61FZgbZCg2i5qWUQiZetLVP42nPP (13.134 MB in 1.453s)
04:35:50 | INFO     | blockchain.logger            | [chain:live] round=2 client=client_2 hash=5ec31b1993a1c9fa... cid=QmXEtQ3DWotj5TXuGR61FZgbZCg2i5qWUQiZetLVP42nPP gas=311391 latency=0.124s
04:35:50 | INFO     | trainer.sft                  | ==============================================================================
04:35:50 | INFO     | trainer.sft                  | Training client_3@r2 | shard=client3.jsonl | epochs=1.00 | window=[500, 1000)
04:35:50 | INFO     | trainer.sft                  | ==============================================================================
04:35:52 | INFO     | trainer.sft                  | Loaded client3.jsonl: 500 samples (offset=500, 4837 available) from 1 shard(s)
04:35:52 | INFO     | trainer.sft                  | Loading base model HuggingFaceTB/SmolLM2-360M-Instruct (4bit=True, dtype=torch.bfloat16) ...
04:35:53 | INFO     | trainer.sft                  | Base model load took 1.30s
04:35:53 | INFO     | trainer.sft                  | Resuming from the global adapter at /home/mann/FedChain/outputs/smollm2-360m/seed_42/exp4_fedchain/round_1/global
04:35:53 | INFO     | trainer.sft                  | LoRA attached: 8,683,520 trainable / 213,218,240 total parameters (4.0726%)
04:35:53 | INFO     | trainer.sft                  | Optimisation plan: 500 samples, effective batch 8, ~63 step(s) over 1.00 epoch(s)
04:35:54 | INFO     | trainer.sft                  | Starting local optimisation via trl.SFTTrainer ...
04:43:08 | INFO     | trainer.sft                  | client_3@r2 finished in 7m 17.3s | train_loss=2.0480 | peak VRAM=1627.97 MB
04:43:11 | INFO     | ipfs.pinata_client           | [ipfs:local] uploaded client_3 -> QmVvmPF5wneLZqjwQUBvr6fbKEkZMhPrCvvu38yrNWxtg9 (13.133 MB in 1.504s)
04:43:11 | INFO     | blockchain.logger            | [chain:live] round=2 client=client_3 hash=c3a18b3c0fea683b... cid=QmVvmPF5wneLZqjwQUBvr6fbKEkZMhPrCvvu38yrNWxtg9 gas=311391 latency=0.125s
04:43:11 | INFO     | ipfs.pinata_client           | [ipfs:local] downloaded QmcLSCFTSeVkYZ4GpskCKfYtwYQC58xKiVC41SNq6Cbgc7 -> /home/mann/FedChain/outputs/smollm2-360m/seed_42/exp4_fedchain/round_2/_retrieved/client_1 (13.133 MB in 0.311s)
04:43:11 | INFO     | trainer.federated            | Integrity verified for client_1 (61cffd795426da6d...)
04:43:12 | INFO     | ipfs.pinata_client           | [ipfs:local] downloaded QmXEtQ3DWotj5TXuGR61FZgbZCg2i5qWUQiZetLVP42nPP -> /home/mann/FedChain/outputs/smollm2-360m/seed_42/exp4_fedchain/round_2/_retrieved/client_2 (13.134 MB in 0.300s)
04:43:12 | INFO     | trainer.federated            | Integrity verified for client_2 (5ec31b1993a1c9fa...)
04:43:12 | INFO     | ipfs.pinata_client           | [ipfs:local] downloaded QmVvmPF5wneLZqjwQUBvr6fbKEkZMhPrCvvu38yrNWxtg9 -> /home/mann/FedChain/outputs/smollm2-360m/seed_42/exp4_fedchain/round_2/_retrieved/client_3 (13.133 MB in 0.329s)
04:43:12 | INFO     | trainer.federated            | Integrity verified for client_3 (c3a18b3c0fea683b...)
04:43:12 | INFO     | trainer.aggregation          | FedAvg over 3 client adapter(s) with weights [0.3333, 0.3333, 0.3333]
04:43:12 | INFO     | trainer.aggregation          | FedAvg complete: 448 LoRA tensors (8,683,520 params) merged in 0.065s -> /home/mann/FedChain/outputs/smollm2-360m/seed_42/exp4_fedchain/round_2/global (16.620 MB)
04:43:14 | INFO     | ipfs.pinata_client           | [ipfs:local] uploaded global -> QmNnp7TWn1zckz71kyCW4gVQm2sguCEMf5DbyWd1fzZxXa (13.143 MB in 1.540s)
04:43:14 | INFO     | blockchain.logger            | [chain:live] round=2 client=server_global hash=31792f3041b3a439... cid=QmNnp7TWn1zckz71kyCW4gVQm2sguCEMf5DbyWd1fzZxXa gas=311451 latency=0.120s
04:43:16 | INFO     | evaluation.eval_loss         | Evaluation base model load took 1.44s
04:43:16 | INFO     | evaluation.eval_loss         | Attaching adapter /home/mann/FedChain/outputs/smollm2-360m/seed_42/exp4_fedchain/round_2/global
04:43:16 | INFO     | evaluation.eval_loss         | Scoring 500 evaluation samples for loss ...
04:43:37 | INFO     | evaluation.eval_loss         |   100/500 scored | running loss=2.0163 ppl=7.5107
04:43:57 | INFO     | evaluation.eval_loss         |   200/500 scored | running loss=2.0325 ppl=7.6332
04:44:17 | INFO     | evaluation.eval_loss         |   300/500 scored | running loss=2.0104 ppl=7.4667
04:44:38 | INFO     | evaluation.eval_loss         |   400/500 scored | running loss=2.0215 ppl=7.5495
04:45:00 | INFO     | evaluation.eval_loss         |   500/500 scored | running loss=2.0395 ppl=7.6871
04:45:00 | INFO     | evaluation.eval_loss         | Generating 50 responses for ROUGE-L / BLEU ...
04:45:45 | INFO     | evaluation.eval_loss         |   generated 10/50
04:46:53 | INFO     | evaluation.eval_loss         |   generated 20/50
04:47:18 | INFO     | evaluation.eval_loss         |   generated 30/50
04:48:10 | INFO     | evaluation.eval_loss         |   generated 40/50
04:48:55 | INFO     | evaluation.eval_loss         |   generated 50/50
04:48:55 | INFO     | evaluation.eval_loss         | Generation quality over 50 samples: ROUGE-L=0.2219 BLEU=0.0455 (backend=builtin, 3m 55.4s)
04:48:55 | INFO     | evaluation.eval_loss         | Evaluation: loss=2.0395 ppl=7.6871 rougeL=0.2219 bleu=0.0455 over 88,069 tokens in 5m 40.9s
04:48:56 | INFO     | trainer.federated            | Round 2 done in 27m 52.4s | comm=131.369 MB | val_loss=2.0395 ppl=7.6871
04:48:56 | INFO     | trainer.federated            | 
04:48:56 | INFO     | trainer.federated            | ##############################################################################
04:48:56 | INFO     | trainer.federated            | # ROUND 3 / 3
04:48:56 | INFO     | trainer.federated            | ##############################################################################
04:48:56 | INFO     | trainer.sft                  | ==============================================================================
04:48:56 | INFO     | trainer.sft                  | Training client_1@r3 | shard=client1.jsonl | epochs=1.00 | window=[1000, 1500)
04:48:56 | INFO     | trainer.sft                  | ==============================================================================
04:48:57 | INFO     | trainer.sft                  | Loaded client1.jsonl: 500 samples (offset=1000, 4837 available) from 1 shard(s)
04:48:57 | INFO     | trainer.sft                  | Loading base model HuggingFaceTB/SmolLM2-360M-Instruct (4bit=True, dtype=torch.bfloat16) ...
04:48:59 | INFO     | trainer.sft                  | Base model load took 1.43s
04:48:59 | INFO     | trainer.sft                  | Resuming from the global adapter at /home/mann/FedChain/outputs/smollm2-360m/seed_42/exp4_fedchain/round_2/global
04:48:59 | INFO     | trainer.sft                  | LoRA attached: 8,683,520 trainable / 213,218,240 total parameters (4.0726%)
04:48:59 | INFO     | trainer.sft                  | Optimisation plan: 500 samples, effective batch 8, ~63 step(s) over 1.00 epoch(s)
04:49:00 | INFO     | trainer.sft                  | Starting local optimisation via trl.SFTTrainer ...
04:55:58 | INFO     | trainer.sft                  | client_1@r3 finished in 7m 01.8s | train_loss=2.0034 | peak VRAM=1808.42 MB
04:56:01 | INFO     | ipfs.pinata_client           | [ipfs:local] uploaded client_1 -> QmVeJHTiCscuE2KoBbbnF72Z4LyC58RpMzqTLNVeCdrUdD (13.121 MB in 1.546s)
04:56:01 | INFO     | blockchain.logger            | [chain:live] round=3 client=client_1 hash=1b02db949104851a... cid=QmVeJHTiCscuE2KoBbbnF72Z4LyC58RpMzqTLNVeCdrUdD gas=328491 latency=0.126s
04:56:01 | INFO     | trainer.sft                  | ==============================================================================
04:56:01 | INFO     | trainer.sft                  | Training client_2@r3 | shard=client2.jsonl | epochs=1.00 | window=[1000, 1500)
04:56:01 | INFO     | trainer.sft                  | ==============================================================================
04:56:02 | INFO     | trainer.sft                  | Loaded client2.jsonl: 500 samples (offset=1000, 4837 available) from 1 shard(s)
04:56:02 | INFO     | trainer.sft                  | Loading base model HuggingFaceTB/SmolLM2-360M-Instruct (4bit=True, dtype=torch.bfloat16) ...
04:56:04 | INFO     | trainer.sft                  | Base model load took 1.29s
04:56:04 | INFO     | trainer.sft                  | Resuming from the global adapter at /home/mann/FedChain/outputs/smollm2-360m/seed_42/exp4_fedchain/round_2/global
04:56:04 | INFO     | trainer.sft                  | LoRA attached: 8,683,520 trainable / 213,218,240 total parameters (4.0726%)
04:56:04 | INFO     | trainer.sft                  | Optimisation plan: 500 samples, effective batch 8, ~63 step(s) over 1.00 epoch(s)
04:56:05 | INFO     | trainer.sft                  | Starting local optimisation via trl.SFTTrainer ...
05:03:19 | INFO     | trainer.sft                  | client_2@r3 finished in 7m 17.3s | train_loss=2.0118 | peak VRAM=1990.38 MB
05:03:21 | INFO     | ipfs.pinata_client           | [ipfs:local] uploaded client_2 -> QmcC1vqbB7Q81yX7zPa3HJ9SHSUkvEVQwEwe4ftnmjpipM (13.122 MB in 1.537s)
05:03:22 | INFO     | blockchain.logger            | [chain:live] round=3 client=client_2 hash=71a4bec96d7dec8d... cid=QmcC1vqbB7Q81yX7zPa3HJ9SHSUkvEVQwEwe4ftnmjpipM gas=311391 latency=0.124s
05:03:22 | INFO     | trainer.sft                  | ==============================================================================
05:03:22 | INFO     | trainer.sft                  | Training client_3@r3 | shard=client3.jsonl | epochs=1.00 | window=[1000, 1500)
05:03:22 | INFO     | trainer.sft                  | ==============================================================================
05:03:23 | INFO     | trainer.sft                  | Loaded client3.jsonl: 500 samples (offset=1000, 4837 available) from 1 shard(s)
05:03:23 | INFO     | trainer.sft                  | Loading base model HuggingFaceTB/SmolLM2-360M-Instruct (4bit=True, dtype=torch.bfloat16) ...
05:03:24 | INFO     | trainer.sft                  | Base model load took 1.39s
05:03:24 | INFO     | trainer.sft                  | Resuming from the global adapter at /home/mann/FedChain/outputs/smollm2-360m/seed_42/exp4_fedchain/round_2/global
05:03:25 | INFO     | trainer.sft                  | LoRA attached: 8,683,520 trainable / 213,218,240 total parameters (4.0726%)
05:03:25 | INFO     | trainer.sft                  | Optimisation plan: 500 samples, effective batch 8, ~63 step(s) over 1.00 epoch(s)
05:03:26 | INFO     | trainer.sft                  | Starting local optimisation via trl.SFTTrainer ...
05:10:45 | INFO     | trainer.sft                  | client_3@r3 finished in 7m 23.3s | train_loss=2.0232 | peak VRAM=2168.71 MB
05:10:48 | INFO     | ipfs.pinata_client           | [ipfs:local] uploaded client_3 -> QmfEtxnfDWNpWNWHMDBccFozRzMpd6EmApHShGkLXtQNpH (13.123 MB in 1.571s)
05:10:48 | INFO     | blockchain.logger            | [chain:live] round=3 client=client_3 hash=852e35b38f06313d... cid=QmfEtxnfDWNpWNWHMDBccFozRzMpd6EmApHShGkLXtQNpH gas=311391 latency=0.120s
05:10:49 | INFO     | ipfs.pinata_client           | [ipfs:local] downloaded QmVeJHTiCscuE2KoBbbnF72Z4LyC58RpMzqTLNVeCdrUdD -> /home/mann/FedChain/outputs/smollm2-360m/seed_42/exp4_fedchain/round_3/_retrieved/client_1 (13.121 MB in 0.312s)
05:10:49 | INFO     | trainer.federated            | Integrity verified for client_1 (1b02db949104851a...)
05:10:49 | INFO     | ipfs.pinata_client           | [ipfs:local] downloaded QmcC1vqbB7Q81yX7zPa3HJ9SHSUkvEVQwEwe4ftnmjpipM -> /home/mann/FedChain/outputs/smollm2-360m/seed_42/exp4_fedchain/round_3/_retrieved/client_2 (13.122 MB in 0.282s)
05:10:49 | INFO     | trainer.federated            | Integrity verified for client_2 (71a4bec96d7dec8d...)
05:10:49 | INFO     | ipfs.pinata_client           | [ipfs:local] downloaded QmfEtxnfDWNpWNWHMDBccFozRzMpd6EmApHShGkLXtQNpH -> /home/mann/FedChain/outputs/smollm2-360m/seed_42/exp4_fedchain/round_3/_retrieved/client_3 (13.123 MB in 0.305s)
05:10:49 | INFO     | trainer.federated            | Integrity verified for client_3 (852e35b38f06313d...)
05:10:49 | INFO     | trainer.aggregation          | FedAvg over 3 client adapter(s) with weights [0.3333, 0.3333, 0.3333]
05:10:49 | INFO     | trainer.aggregation          | FedAvg complete: 448 LoRA tensors (8,683,520 params) merged in 0.067s -> /home/mann/FedChain/outputs/smollm2-360m/seed_42/exp4_fedchain/round_3/global (16.620 MB)
05:10:51 | INFO     | ipfs.pinata_client           | [ipfs:local] uploaded global -> QmPUBhW3rqwBYeGwDgHs8L25hhYbeGpbo3L7cPSXmkxq14 (13.129 MB in 1.502s)
05:10:51 | INFO     | blockchain.logger            | [chain:live] round=3 client=server_global hash=a9627f1c9799353f... cid=QmPUBhW3rqwBYeGwDgHs8L25hhYbeGpbo3L7cPSXmkxq14 gas=311451 latency=0.124s
05:10:51 | INFO     | trainer.federated            | Round 3 done in 21m 55.1s | comm=131.250 MB | evaluation skipped
05:10:51 | INFO     | trainer.federated            | ==============================================================================
05:10:51 | INFO     | trainer.federated            | Federated run complete: 3 round(s) in 1h 18m 56.0s | comm=393.517 MB | train=1h 05m 31.3s
05:10:51 | INFO     | trainer.federated            | ==============================================================================
05:10:53 | INFO     | fedchain                     | Final evaluation of /home/mann/FedChain/outputs/smollm2-360m/seed_42/exp4_fedchain/round_3/global ...
05:10:54 | INFO     | evaluation.eval_loss         | Evaluation base model load took 1.45s
05:10:54 | INFO     | evaluation.eval_loss         | Attaching adapter /home/mann/FedChain/outputs/smollm2-360m/seed_42/exp4_fedchain/round_3/global
05:10:55 | INFO     | evaluation.eval_loss         | Scoring 500 evaluation samples for loss ...
05:11:16 | INFO     | evaluation.eval_loss         |   100/500 scored | running loss=1.9992 ppl=7.3831
05:11:36 | INFO     | evaluation.eval_loss         |   200/500 scored | running loss=2.0152 ppl=7.5025
05:11:56 | INFO     | evaluation.eval_loss         |   300/500 scored | running loss=1.9937 ppl=7.3429
05:12:17 | INFO     | evaluation.eval_loss         |   400/500 scored | running loss=2.0046 ppl=7.4230
05:12:38 | INFO     | evaluation.eval_loss         |   500/500 scored | running loss=2.0234 ppl=7.5637
05:12:38 | INFO     | evaluation.eval_loss         | Generating 50 responses for ROUGE-L / BLEU ...
05:13:21 | INFO     | evaluation.eval_loss         |   generated 10/50
05:14:12 | INFO     | evaluation.eval_loss         |   generated 20/50
05:14:38 | INFO     | evaluation.eval_loss         |   generated 30/50
05:15:32 | INFO     | evaluation.eval_loss         |   generated 40/50
05:16:17 | INFO     | evaluation.eval_loss         |   generated 50/50
05:16:17 | INFO     | evaluation.eval_loss         | Generation quality over 50 samples: ROUGE-L=0.2470 BLEU=0.0425 (backend=builtin, 3m 38.9s)
05:16:17 | INFO     | evaluation.eval_loss         | Evaluation: loss=2.0234 ppl=7.5637 rougeL=0.2470 bleu=0.0425 over 88,069 tokens in 5m 24.3s
05:16:18 | INFO     | fedchain                     | ------------------------------------------------------------------------------
05:16:18 | INFO     | fedchain                     | COLLECTED METRICS
05:16:18 | INFO     | fedchain                     | ------------------------------------------------------------------------------
05:16:18 | INFO     | fedchain                     |   validation_loss               : 2.0234
05:16:18 | INFO     | fedchain                     |   perplexity                    : 7.5637
05:16:18 | INFO     | fedchain                     |   rouge_l                       : 0.2470
05:16:18 | INFO     | fedchain                     |   bleu                          : 0.0425
05:16:18 | INFO     | fedchain                     |   training_time_sec             : 3931.27
05:16:18 | INFO     | fedchain                     |   communication_volume_mb       : 393.517
05:16:18 | INFO     | fedchain                     |   adapter_size_mb               : 16.620
05:16:18 | INFO     | fedchain                     |   blockchain_tx_latency_sec     : 1.4903
05:16:18 | INFO     | fedchain                     |   blockchain_gas_used           : 3,785,372
05:16:18 | INFO     | fedchain                     |   ipfs_upload_latency_sec       : 17.8007
05:16:18 | INFO     | fedchain                     |   ipfs_download_latency_sec     : 2.7466
05:16:18 | INFO     | fedchain                     |   aggregation_time_sec          : 0.2018
05:16:18 | INFO     | fedchain                     |   end_to_end_round_duration_sec : 1578.41
05:16:18 | INFO     | fedchain                     |   total_round_time_sec          : 4735.22
05:16:18 | INFO     | fedchain                     | ------------------------------------------------------------------------------
05:16:18 | INFO     | fedchain                     | Detailed JSON report written to /home/mann/FedChain/results/smollm2-360m/seed_42/exp4_fedchain_metrics.json
05:16:18 | INFO     | blockchain.logger            | Audit trail exported to /home/mann/FedChain/results/smollm2-360m/seed_42/exp4_fedchain_audit_trail.json
05:16:18 | INFO     | ipfs.pinata_client           | IPFS transfer log exported to /home/mann/FedChain/results/smollm2-360m/seed_42/exp4_fedchain_ipfs_transfers.json
