19:08:57 | INFO     | fedchain                     | ==============================================================================
19:08:57 | INFO     | fedchain                     | FedChain :: exp5_noniid
19:08:57 | INFO     | fedchain                     | FedChain on a Dirichlet(0.3) label-skewed partition of Dolly-15k
19:08:57 | INFO     | fedchain                     | Config: /home/mann/FedChain/configs/exp5_noniid.yaml
19:08:57 | INFO     | fedchain                     | Model:  HuggingFaceTB/SmolLM2-360M-Instruct  [tier=smollm2-360m]
19:08:57 | INFO     | fedchain                     | Hugging Face Hub: authenticated via HF_TOKEN
19:08:57 | INFO     | fedchain                     | ==============================================================================
19:09:03 | INFO     | utils.common                 | Device: CUDA -> NVIDIA T600 Laptop GPU (4.00 GB VRAM, sm_75, bf16=True)
19:09:03 | INFO     | fedchain                     | Seed=42 | device=cuda
19:09:03 | INFO     | fedchain                     | Initialising the blockchain audit layer ...
19:09:03 | INFO     | blockchain.logger            | Using unlocked node account 0xf39Fd6e51aad88F6F4ce6aB8827279cffFb92266
19:09:03 | INFO     | blockchain.logger            | Loaded contract bytecode from /home/mann/FedChain/blockchain/artifacts/FedChainAudit.json
19:09:03 | INFO     | blockchain.logger            | Deployed FedChainAudit at 0xa4d0806d597146df93796A38435ABB2a3cb96677 (gas=1431133, 0.126s)
19:09:03 | INFO     | blockchain.logger            | BlockchainLogger connected: rpc=http://127.0.0.1:8545 chain_id=31337 account=0xf39Fd6e51aad88F6F4ce6aB8827279cffFb92266 contract=0xa4d0806d597146df93796A38435ABB2a3cb96677
19:09:03 | INFO     | fedchain                     | Initialising the IPFS storage layer ...
19:09:03 | INFO     | ipfs.pinata_client           | IPFSManager backend: local IPFS daemon (http://127.0.0.1:5001)
19:09:03 | INFO     | evaluation.eval_loss         | Evaluator ready | 500 loss samples | 50 generation samples | seq_len=512 | device=cuda
19:09:03 | INFO     | fedchain                     | ==============================================================================
19:09:03 | INFO     | fedchain                     | PIPELINE: federated learning | blockchain=True | ipfs=True
19:09:03 | INFO     | fedchain                     | ==============================================================================
19:09:03 | INFO     | trainer.sft                  | LocalTrainer ready | model=HuggingFaceTB/SmolLM2-360M-Instruct device=cuda 4bit=True seq_len=512 dry_run=False
19:09:03 | INFO     | trainer.federated            | FederatedOrchestrator ready | rounds=3 clients=3 blockchain=True ipfs=True checkpoint=True
19:09:03 | INFO     | utils.checkpoint             | No checkpoint at /home/mann/FedChain/outputs/smollm2-360m/seed_42/exp5_noniid/checkpoint.json; starting a fresh run.
19:09:03 | INFO     | trainer.federated            | 
19:09:03 | INFO     | trainer.federated            | ##############################################################################
19:09:03 | INFO     | trainer.federated            | # ROUND 1 / 3
19:09:03 | INFO     | trainer.federated            | ##############################################################################
19:09:03 | INFO     | trainer.sft                  | ==============================================================================
19:09:03 | INFO     | trainer.sft                  | Training client_1@r1 | shard=client1.jsonl | epochs=1.00 | window=[0, 500)
19:09:03 | INFO     | trainer.sft                  | ==============================================================================
19:09:06 | INFO     | trainer.sft                  | Loaded client1.jsonl: 500 samples (offset=0, 4798 available) from 1 shard(s)
19:09:06 | INFO     | trainer.sft                  | Loading base model HuggingFaceTB/SmolLM2-360M-Instruct (4bit=True, dtype=torch.bfloat16) ...
19:09:07 | INFO     | trainer.sft                  | Base model load took 1.41s
19:09:08 | INFO     | trainer.sft                  | LoRA attached: 8,683,520 trainable / 213,218,240 total parameters (4.0726%)
19:09:08 | INFO     | trainer.sft                  | Optimisation plan: 500 samples, effective batch 8, ~63 step(s) over 1.00 epoch(s)
19:09:09 | INFO     | trainer.sft                  | Starting local optimisation via trl.SFTTrainer ...
19:17:38 | INFO     | trainer.sft                  | client_1@r1 finished in 8m 34.4s | train_loss=2.1728 | peak VRAM=726.02 MB
19:17:40 | INFO     | ipfs.pinata_client           | [ipfs:local] uploaded client_1 -> QmUnRLpQCajnwNbzn92WdsWLDsyvfeN1C2zNbSyGy1DuKL (13.072 MB in 1.385s)
19:17:40 | INFO     | blockchain.logger            | [chain:live] round=1 client=client_1 hash=544a95c447785b8f... cid=QmUnRLpQCajnwNbzn92WdsWLDsyvfeN1C2zNbSyGy1DuKL gas=325691 latency=0.128s
19:17:41 | INFO     | trainer.sft                  | ==============================================================================
19:17:41 | INFO     | trainer.sft                  | Training client_2@r1 | shard=client2.jsonl | epochs=1.00 | window=[0, 500)
19:17:41 | INFO     | trainer.sft                  | ==============================================================================
19:17:42 | INFO     | trainer.sft                  | Loaded client2.jsonl: 500 samples (offset=0, 2715 available) from 1 shard(s)
19:17:42 | INFO     | trainer.sft                  | Loading base model HuggingFaceTB/SmolLM2-360M-Instruct (4bit=True, dtype=torch.bfloat16) ...
19:17:43 | INFO     | trainer.sft                  | Base model load took 1.36s
19:17:43 | INFO     | trainer.sft                  | LoRA attached: 8,683,520 trainable / 213,218,240 total parameters (4.0726%)
19:17:43 | INFO     | trainer.sft                  | Optimisation plan: 500 samples, effective batch 8, ~63 step(s) over 1.00 epoch(s)
19:17:44 | INFO     | trainer.sft                  | Starting local optimisation via trl.SFTTrainer ...
19:24:18 | INFO     | trainer.sft                  | client_2@r1 finished in 6m 37.2s | train_loss=2.0144 | peak VRAM=906.84 MB
19:24:20 | INFO     | ipfs.pinata_client           | [ipfs:local] uploaded client_2 -> QmWwcZ9UrYcMnRmqbD7m8U5FvnkCUBqd9q7bu4BDRhg8SM (13.062 MB in 1.284s)
19:24:21 | INFO     | blockchain.logger            | [chain:live] round=1 client=client_2 hash=f2c18a33c879d5b1... cid=QmWwcZ9UrYcMnRmqbD7m8U5FvnkCUBqd9q7bu4BDRhg8SM gas=311391 latency=0.120s
19:24:21 | INFO     | trainer.sft                  | ==============================================================================
19:24:21 | INFO     | trainer.sft                  | Training client_3@r1 | shard=client3.jsonl | epochs=1.00 | window=[0, 500)
19:24:21 | INFO     | trainer.sft                  | ==============================================================================
19:24:22 | INFO     | trainer.sft                  | Loaded client3.jsonl: 500 samples (offset=0, 6998 available) from 1 shard(s)
19:24:22 | INFO     | trainer.sft                  | Loading base model HuggingFaceTB/SmolLM2-360M-Instruct (4bit=True, dtype=torch.bfloat16) ...
19:24:23 | INFO     | trainer.sft                  | Base model load took 1.36s
19:24:24 | INFO     | trainer.sft                  | LoRA attached: 8,683,520 trainable / 213,218,240 total parameters (4.0726%)
19:24:24 | INFO     | trainer.sft                  | Optimisation plan: 500 samples, effective batch 8, ~63 step(s) over 1.00 epoch(s)
19:24:25 | INFO     | trainer.sft                  | Starting local optimisation via trl.SFTTrainer ...
19:31:27 | INFO     | trainer.sft                  | client_3@r1 finished in 7m 05.6s | train_loss=2.0356 | peak VRAM=1088.08 MB
19:31:29 | INFO     | ipfs.pinata_client           | [ipfs:local] uploaded client_3 -> QmWRgYfMLGj15zD3zWBoWVn1iT6Zm3YzEiQHk3bNmR9mqv (13.066 MB in 1.325s)
19:31:29 | INFO     | blockchain.logger            | [chain:live] round=1 client=client_3 hash=ef09ada075fd87e6... cid=QmWRgYfMLGj15zD3zWBoWVn1iT6Zm3YzEiQHk3bNmR9mqv gas=311391 latency=0.124s
19:31:30 | INFO     | ipfs.pinata_client           | [ipfs:local] downloaded QmUnRLpQCajnwNbzn92WdsWLDsyvfeN1C2zNbSyGy1DuKL -> /home/mann/FedChain/outputs/smollm2-360m/seed_42/exp5_noniid/round_1/_retrieved/client_1 (13.072 MB in 0.333s)
19:31:30 | INFO     | trainer.federated            | Integrity verified for client_1 (544a95c447785b8f...)
19:31:30 | INFO     | ipfs.pinata_client           | [ipfs:local] downloaded QmWwcZ9UrYcMnRmqbD7m8U5FvnkCUBqd9q7bu4BDRhg8SM -> /home/mann/FedChain/outputs/smollm2-360m/seed_42/exp5_noniid/round_1/_retrieved/client_2 (13.062 MB in 0.345s)
19:31:30 | INFO     | trainer.federated            | Integrity verified for client_2 (f2c18a33c879d5b1...)
19:31:31 | INFO     | ipfs.pinata_client           | [ipfs:local] downloaded QmWRgYfMLGj15zD3zWBoWVn1iT6Zm3YzEiQHk3bNmR9mqv -> /home/mann/FedChain/outputs/smollm2-360m/seed_42/exp5_noniid/round_1/_retrieved/client_3 (13.066 MB in 0.345s)
19:31:31 | INFO     | trainer.federated            | Integrity verified for client_3 (ef09ada075fd87e6...)
19:31:31 | INFO     | trainer.aggregation          | FedAvg over 3 client adapter(s) with weights [0.3333, 0.3333, 0.3333]
19:31:31 | INFO     | trainer.aggregation          | FedAvg complete: 448 LoRA tensors (8,683,520 params) merged in 0.107s -> /home/mann/FedChain/outputs/smollm2-360m/seed_42/exp5_noniid/round_1/global (16.620 MB)
19:31:32 | INFO     | ipfs.pinata_client           | [ipfs:local] uploaded global -> QmXG8wW47HkVCD42VbvxyE7sjpkys2ADTJb3NRcN1X1og4 (13.118 MB in 1.662s)
19:31:32 | INFO     | blockchain.logger            | [chain:live] round=1 client=server_global hash=a914a77fd5013562... cid=QmXG8wW47HkVCD42VbvxyE7sjpkys2ADTJb3NRcN1X1og4 gas=311451 latency=0.122s
19:31:34 | INFO     | evaluation.eval_loss         | Evaluation split: 500 samples from eval_500.jsonl
19:31:36 | INFO     | evaluation.eval_loss         | Evaluation base model load took 1.34s
19:31:36 | INFO     | evaluation.eval_loss         | Attaching adapter /home/mann/FedChain/outputs/smollm2-360m/seed_42/exp5_noniid/round_1/global
19:31:36 | INFO     | evaluation.eval_loss         | Scoring 500 evaluation samples for loss ...
19:31:59 | INFO     | evaluation.eval_loss         |   100/500 scored | running loss=2.0634 ppl=7.8724
19:32:20 | INFO     | evaluation.eval_loss         |   200/500 scored | running loss=2.0821 ppl=8.0214
19:32:41 | INFO     | evaluation.eval_loss         |   300/500 scored | running loss=2.0590 ppl=7.8378
19:33:04 | INFO     | evaluation.eval_loss         |   400/500 scored | running loss=2.0699 ppl=7.9242
19:33:26 | INFO     | evaluation.eval_loss         |   500/500 scored | running loss=2.0877 ppl=8.0661
19:33:26 | INFO     | evaluation.eval_loss         | Generating 50 responses for ROUGE-L / BLEU ...
19:34:30 | INFO     | evaluation.eval_loss         |   generated 10/50
19:35:47 | INFO     | evaluation.eval_loss         |   generated 20/50
19:36:35 | INFO     | evaluation.eval_loss         |   generated 30/50
19:37:49 | INFO     | evaluation.eval_loss         |   generated 40/50
19:38:47 | INFO     | evaluation.eval_loss         |   generated 50/50
19:38:49 | WARNING  | evaluation.eval_loss         | The `evaluate` library failed to score (To be able to use evaluate-metric/rouge, you need to install the following dependencies['nltk'] using 'pip install nltk' for instance'); using the built-in implementation.
19:38:49 | INFO     | evaluation.eval_loss         | Generation quality over 50 samples: ROUGE-L=0.2513 BLEU=0.0512 (backend=builtin, 5m 21.6s)
19:38:49 | INFO     | evaluation.eval_loss         | Evaluation: loss=2.0877 ppl=8.0661 rougeL=0.2513 bleu=0.0512 over 88,069 tokens in 7m 16.3s
19:38:50 | INFO     | trainer.federated            | Round 1 done in 29m 46.6s | comm=130.870 MB | val_loss=2.0877 ppl=8.0661
19:38:50 | INFO     | trainer.federated            | 
19:38:50 | INFO     | trainer.federated            | ##############################################################################
19:38:50 | INFO     | trainer.federated            | # ROUND 2 / 3
19:38:50 | INFO     | trainer.federated            | ##############################################################################
19:38:50 | INFO     | trainer.sft                  | ==============================================================================
19:38:50 | INFO     | trainer.sft                  | Training client_1@r2 | shard=client1.jsonl | epochs=1.00 | window=[500, 1000)
19:38:50 | INFO     | trainer.sft                  | ==============================================================================
19:38:51 | INFO     | trainer.sft                  | Loaded client1.jsonl: 500 samples (offset=500, 4798 available) from 1 shard(s)
19:38:51 | INFO     | trainer.sft                  | Loading base model HuggingFaceTB/SmolLM2-360M-Instruct (4bit=True, dtype=torch.bfloat16) ...
19:38:53 | INFO     | trainer.sft                  | Base model load took 1.40s
19:38:53 | INFO     | trainer.sft                  | Resuming from the global adapter at /home/mann/FedChain/outputs/smollm2-360m/seed_42/exp5_noniid/round_1/global
19:38:53 | INFO     | trainer.sft                  | LoRA attached: 8,683,520 trainable / 213,218,240 total parameters (4.0726%)
19:38:53 | INFO     | trainer.sft                  | Optimisation plan: 500 samples, effective batch 8, ~63 step(s) over 1.00 epoch(s)
19:38:54 | INFO     | trainer.sft                  | Starting local optimisation via trl.SFTTrainer ...
19:47:22 | INFO     | trainer.sft                  | client_1@r2 finished in 8m 31.6s | train_loss=2.0677 | peak VRAM=1268.39 MB
19:47:25 | INFO     | ipfs.pinata_client           | [ipfs:local] uploaded client_1 -> QmUHLBXmVCdHPZrt7WygWZPE274KFCZP6TBbrKPjhNueAs (13.133 MB in 1.461s)
19:47:25 | INFO     | blockchain.logger            | [chain:live] round=2 client=client_1 hash=e12d0bdf75072759... cid=QmUHLBXmVCdHPZrt7WygWZPE274KFCZP6TBbrKPjhNueAs gas=328491 latency=0.121s
19:47:25 | INFO     | trainer.sft                  | ==============================================================================
19:47:25 | INFO     | trainer.sft                  | Training client_2@r2 | shard=client2.jsonl | epochs=1.00 | window=[500, 1000)
19:47:25 | INFO     | trainer.sft                  | ==============================================================================
19:47:26 | INFO     | trainer.sft                  | Loaded client2.jsonl: 500 samples (offset=500, 2715 available) from 1 shard(s)
19:47:26 | INFO     | trainer.sft                  | Loading base model HuggingFaceTB/SmolLM2-360M-Instruct (4bit=True, dtype=torch.bfloat16) ...
19:47:28 | INFO     | trainer.sft                  | Base model load took 1.37s
19:47:28 | INFO     | trainer.sft                  | Resuming from the global adapter at /home/mann/FedChain/outputs/smollm2-360m/seed_42/exp5_noniid/round_1/global
19:47:28 | INFO     | trainer.sft                  | LoRA attached: 8,683,520 trainable / 213,218,240 total parameters (4.0726%)
19:47:28 | INFO     | trainer.sft                  | Optimisation plan: 500 samples, effective batch 8, ~63 step(s) over 1.00 epoch(s)
19:47:29 | INFO     | trainer.sft                  | Starting local optimisation via trl.SFTTrainer ...
19:53:50 | INFO     | trainer.sft                  | client_2@r2 finished in 6m 24.6s | train_loss=1.9750 | peak VRAM=1447.16 MB
19:53:53 | INFO     | ipfs.pinata_client           | [ipfs:local] uploaded client_2 -> QmaAwSs1HMavawHHytMKn36bD79GkXi8h36dxzLjhcGYab (13.134 MB in 1.470s)
19:53:53 | INFO     | blockchain.logger            | [chain:live] round=2 client=client_2 hash=73055b3749505f0a... cid=QmaAwSs1HMavawHHytMKn36bD79GkXi8h36dxzLjhcGYab gas=311391 latency=0.120s
19:53:53 | INFO     | trainer.sft                  | ==============================================================================
19:53:53 | INFO     | trainer.sft                  | Training client_3@r2 | shard=client3.jsonl | epochs=1.00 | window=[500, 1000)
19:53:53 | INFO     | trainer.sft                  | ==============================================================================
19:53:54 | INFO     | trainer.sft                  | Loaded client3.jsonl: 500 samples (offset=500, 6998 available) from 1 shard(s)
19:53:54 | INFO     | trainer.sft                  | Loading base model HuggingFaceTB/SmolLM2-360M-Instruct (4bit=True, dtype=torch.bfloat16) ...
19:53:56 | INFO     | trainer.sft                  | Base model load took 1.39s
19:53:56 | INFO     | trainer.sft                  | Resuming from the global adapter at /home/mann/FedChain/outputs/smollm2-360m/seed_42/exp5_noniid/round_1/global
19:53:56 | INFO     | trainer.sft                  | LoRA attached: 8,683,520 trainable / 213,218,240 total parameters (4.0726%)
19:53:56 | INFO     | trainer.sft                  | Optimisation plan: 500 samples, effective batch 8, ~63 step(s) over 1.00 epoch(s)
19:53:57 | INFO     | trainer.sft                  | Starting local optimisation via trl.SFTTrainer ...
20:01:07 | INFO     | trainer.sft                  | client_3@r2 finished in 7m 13.4s | train_loss=1.9721 | peak VRAM=1627.33 MB
20:01:09 | INFO     | ipfs.pinata_client           | [ipfs:local] uploaded client_3 -> QmeJvPaS1JJDemmzPv5312oXbgdXmme3EjgVz7XTubksBN (13.131 MB in 1.427s)
20:01:09 | INFO     | blockchain.logger            | [chain:live] round=2 client=client_3 hash=35436d663773dd5b... cid=QmeJvPaS1JJDemmzPv5312oXbgdXmme3EjgVz7XTubksBN gas=311391 latency=0.123s
20:01:10 | INFO     | ipfs.pinata_client           | [ipfs:local] downloaded QmUHLBXmVCdHPZrt7WygWZPE274KFCZP6TBbrKPjhNueAs -> /home/mann/FedChain/outputs/smollm2-360m/seed_42/exp5_noniid/round_2/_retrieved/client_1 (13.133 MB in 0.324s)
20:01:10 | INFO     | trainer.federated            | Integrity verified for client_1 (e12d0bdf75072759...)
20:01:10 | INFO     | ipfs.pinata_client           | [ipfs:local] downloaded QmaAwSs1HMavawHHytMKn36bD79GkXi8h36dxzLjhcGYab -> /home/mann/FedChain/outputs/smollm2-360m/seed_42/exp5_noniid/round_2/_retrieved/client_2 (13.134 MB in 0.324s)
20:01:10 | INFO     | trainer.federated            | Integrity verified for client_2 (73055b3749505f0a...)
20:01:11 | INFO     | ipfs.pinata_client           | [ipfs:local] downloaded QmeJvPaS1JJDemmzPv5312oXbgdXmme3EjgVz7XTubksBN -> /home/mann/FedChain/outputs/smollm2-360m/seed_42/exp5_noniid/round_2/_retrieved/client_3 (13.131 MB in 0.297s)
20:01:11 | INFO     | trainer.federated            | Integrity verified for client_3 (35436d663773dd5b...)
20:01:11 | INFO     | trainer.aggregation          | FedAvg over 3 client adapter(s) with weights [0.3333, 0.3333, 0.3333]
20:01:11 | INFO     | trainer.aggregation          | FedAvg complete: 448 LoRA tensors (8,683,520 params) merged in 0.084s -> /home/mann/FedChain/outputs/smollm2-360m/seed_42/exp5_noniid/round_2/global (16.620 MB)
20:01:12 | INFO     | ipfs.pinata_client           | [ipfs:local] uploaded global -> QmXbwp7tcMwY3mNj2iXBr2Xi4LqABV7UqPj4L3CJ5HN1LB (13.143 MB in 1.498s)
20:01:12 | INFO     | blockchain.logger            | [chain:live] round=2 client=server_global hash=b217fa78b56b4b64... cid=QmXbwp7tcMwY3mNj2iXBr2Xi4LqABV7UqPj4L3CJ5HN1LB gas=311451 latency=0.120s
20:01:14 | INFO     | evaluation.eval_loss         | Evaluation base model load took 1.38s
20:01:14 | INFO     | evaluation.eval_loss         | Attaching adapter /home/mann/FedChain/outputs/smollm2-360m/seed_42/exp5_noniid/round_2/global
20:01:14 | INFO     | evaluation.eval_loss         | Scoring 500 evaluation samples for loss ...
20:01:36 | INFO     | evaluation.eval_loss         |   100/500 scored | running loss=2.0187 ppl=7.5284
20:01:57 | INFO     | evaluation.eval_loss         |   200/500 scored | running loss=2.0354 ppl=7.6554
20:02:18 | INFO     | evaluation.eval_loss         |   300/500 scored | running loss=2.0128 ppl=7.4844
20:02:40 | INFO     | evaluation.eval_loss         |   400/500 scored | running loss=2.0241 ppl=7.5695
20:03:01 | INFO     | evaluation.eval_loss         |   500/500 scored | running loss=2.0422 ppl=7.7077
20:03:01 | INFO     | evaluation.eval_loss         | Generating 50 responses for ROUGE-L / BLEU ...
20:03:57 | INFO     | evaluation.eval_loss         |   generated 10/50
20:04:52 | INFO     | evaluation.eval_loss         |   generated 20/50
20:05:19 | INFO     | evaluation.eval_loss         |   generated 30/50
20:06:13 | INFO     | evaluation.eval_loss         |   generated 40/50
20:06:58 | INFO     | evaluation.eval_loss         |   generated 50/50
20:06:58 | INFO     | evaluation.eval_loss         | Generation quality over 50 samples: ROUGE-L=0.2378 BLEU=0.0432 (backend=builtin, 3m 56.8s)
20:06:58 | INFO     | evaluation.eval_loss         | Evaluation: loss=2.0422 ppl=7.7077 rougeL=0.2378 bleu=0.0432 over 88,069 tokens in 5m 45.3s
20:06:59 | INFO     | trainer.federated            | Round 2 done in 28m 08.6s | comm=131.369 MB | val_loss=2.0422 ppl=7.7077
20:06:59 | INFO     | trainer.federated            | 
20:06:59 | INFO     | trainer.federated            | ##############################################################################
20:06:59 | INFO     | trainer.federated            | # ROUND 3 / 3
20:06:59 | INFO     | trainer.federated            | ##############################################################################
20:06:59 | INFO     | trainer.sft                  | ==============================================================================
20:06:59 | INFO     | trainer.sft                  | Training client_1@r3 | shard=client1.jsonl | epochs=1.00 | window=[1000, 1500)
20:06:59 | INFO     | trainer.sft                  | ==============================================================================
20:07:00 | INFO     | trainer.sft                  | Loaded client1.jsonl: 500 samples (offset=1000, 4798 available) from 1 shard(s)
20:07:00 | INFO     | trainer.sft                  | Loading base model HuggingFaceTB/SmolLM2-360M-Instruct (4bit=True, dtype=torch.bfloat16) ...
20:07:02 | INFO     | trainer.sft                  | Base model load took 1.39s
20:07:02 | INFO     | trainer.sft                  | Resuming from the global adapter at /home/mann/FedChain/outputs/smollm2-360m/seed_42/exp5_noniid/round_2/global
20:07:02 | INFO     | trainer.sft                  | LoRA attached: 8,683,520 trainable / 213,218,240 total parameters (4.0726%)
20:07:02 | INFO     | trainer.sft                  | Optimisation plan: 500 samples, effective batch 8, ~63 step(s) over 1.00 epoch(s)
20:07:03 | INFO     | trainer.sft                  | Starting local optimisation via trl.SFTTrainer ...
20:15:23 | INFO     | trainer.sft                  | client_1@r3 finished in 8m 23.3s | train_loss=2.0863 | peak VRAM=1808.77 MB
20:15:25 | INFO     | ipfs.pinata_client           | [ipfs:local] uploaded client_1 -> QmTzah4Gfi7RovZKrc3HVz44RU2KEqzoovcfsrt3V3oCrr (13.122 MB in 1.505s)
20:15:25 | INFO     | blockchain.logger            | [chain:live] round=3 client=client_1 hash=cc73a0557078db44... cid=QmTzah4Gfi7RovZKrc3HVz44RU2KEqzoovcfsrt3V3oCrr gas=328491 latency=0.124s
20:15:26 | INFO     | trainer.sft                  | ==============================================================================
20:15:26 | INFO     | trainer.sft                  | Training client_2@r3 | shard=client2.jsonl | epochs=1.00 | window=[1000, 1500)
20:15:26 | INFO     | trainer.sft                  | ==============================================================================
20:15:27 | INFO     | trainer.sft                  | Loaded client2.jsonl: 500 samples (offset=1000, 2715 available) from 1 shard(s)
20:15:27 | INFO     | trainer.sft                  | Loading base model HuggingFaceTB/SmolLM2-360M-Instruct (4bit=True, dtype=torch.bfloat16) ...
20:15:28 | INFO     | trainer.sft                  | Base model load took 1.37s
20:15:28 | INFO     | trainer.sft                  | Resuming from the global adapter at /home/mann/FedChain/outputs/smollm2-360m/seed_42/exp5_noniid/round_2/global
20:15:28 | INFO     | trainer.sft                  | LoRA attached: 8,683,520 trainable / 213,218,240 total parameters (4.0726%)
20:15:28 | INFO     | trainer.sft                  | Optimisation plan: 500 samples, effective batch 8, ~63 step(s) over 1.00 epoch(s)
20:15:29 | INFO     | trainer.sft                  | Starting local optimisation via trl.SFTTrainer ...
20:21:37 | INFO     | trainer.sft                  | client_2@r3 finished in 6m 11.3s | train_loss=1.8977 | peak VRAM=1988.91 MB
20:21:40 | INFO     | ipfs.pinata_client           | [ipfs:local] uploaded client_2 -> QmWwNLSzEzRwTvGuNCdoLVzjDtDBVe4P1Cn2fhXL2m8mg4 (13.123 MB in 1.479s)
20:21:40 | INFO     | blockchain.logger            | [chain:live] round=3 client=client_2 hash=a1d174cab71ce941... cid=QmWwNLSzEzRwTvGuNCdoLVzjDtDBVe4P1Cn2fhXL2m8mg4 gas=311391 latency=0.126s
20:21:40 | INFO     | trainer.sft                  | ==============================================================================
20:21:40 | INFO     | trainer.sft                  | Training client_3@r3 | shard=client3.jsonl | epochs=1.00 | window=[1000, 1500)
20:21:40 | INFO     | trainer.sft                  | ==============================================================================
20:21:41 | INFO     | trainer.sft                  | Loaded client3.jsonl: 500 samples (offset=1000, 6998 available) from 1 shard(s)
20:21:41 | INFO     | trainer.sft                  | Loading base model HuggingFaceTB/SmolLM2-360M-Instruct (4bit=True, dtype=torch.bfloat16) ...
20:21:43 | INFO     | trainer.sft                  | Base model load took 1.33s
20:21:43 | INFO     | trainer.sft                  | Resuming from the global adapter at /home/mann/FedChain/outputs/smollm2-360m/seed_42/exp5_noniid/round_2/global
20:21:43 | INFO     | trainer.sft                  | LoRA attached: 8,683,520 trainable / 213,218,240 total parameters (4.0726%)
20:21:43 | INFO     | trainer.sft                  | Optimisation plan: 500 samples, effective batch 8, ~63 step(s) over 1.00 epoch(s)
20:21:44 | INFO     | trainer.sft                  | Starting local optimisation via trl.SFTTrainer ...
20:28:50 | INFO     | trainer.sft                  | client_3@r3 finished in 7m 09.5s | train_loss=1.9383 | peak VRAM=2167.19 MB
20:28:53 | INFO     | ipfs.pinata_client           | [ipfs:local] uploaded client_3 -> QmdmVd3iXPygCBZePdBxWsY8B7v7B9PHodd8fy2Uherjo3 (13.121 MB in 1.623s)
20:28:53 | INFO     | blockchain.logger            | [chain:live] round=3 client=client_3 hash=81e30764b5e6e630... cid=QmdmVd3iXPygCBZePdBxWsY8B7v7B9PHodd8fy2Uherjo3 gas=311391 latency=0.131s
20:28:53 | INFO     | ipfs.pinata_client           | [ipfs:local] downloaded QmTzah4Gfi7RovZKrc3HVz44RU2KEqzoovcfsrt3V3oCrr -> /home/mann/FedChain/outputs/smollm2-360m/seed_42/exp5_noniid/round_3/_retrieved/client_1 (13.122 MB in 0.311s)
20:28:53 | INFO     | trainer.federated            | Integrity verified for client_1 (cc73a0557078db44...)
20:28:54 | INFO     | ipfs.pinata_client           | [ipfs:local] downloaded QmWwNLSzEzRwTvGuNCdoLVzjDtDBVe4P1Cn2fhXL2m8mg4 -> /home/mann/FedChain/outputs/smollm2-360m/seed_42/exp5_noniid/round_3/_retrieved/client_2 (13.123 MB in 0.317s)
20:28:54 | INFO     | trainer.federated            | Integrity verified for client_2 (a1d174cab71ce941...)
20:28:54 | INFO     | ipfs.pinata_client           | [ipfs:local] downloaded QmdmVd3iXPygCBZePdBxWsY8B7v7B9PHodd8fy2Uherjo3 -> /home/mann/FedChain/outputs/smollm2-360m/seed_42/exp5_noniid/round_3/_retrieved/client_3 (13.121 MB in 0.340s)
20:28:54 | INFO     | trainer.federated            | Integrity verified for client_3 (81e30764b5e6e630...)
20:28:54 | INFO     | trainer.aggregation          | FedAvg over 3 client adapter(s) with weights [0.3333, 0.3333, 0.3333]
20:28:54 | INFO     | trainer.aggregation          | FedAvg complete: 448 LoRA tensors (8,683,520 params) merged in 0.111s -> /home/mann/FedChain/outputs/smollm2-360m/seed_42/exp5_noniid/round_3/global (16.620 MB)
20:28:56 | INFO     | ipfs.pinata_client           | [ipfs:local] uploaded global -> QmcRhkVjAKvp26EJ7cm6boSX56Q9ijb6zCanuWmWDguZhE (13.132 MB in 1.523s)
20:28:56 | INFO     | blockchain.logger            | [chain:live] round=3 client=server_global hash=8dadced2423d5141... cid=QmcRhkVjAKvp26EJ7cm6boSX56Q9ijb6zCanuWmWDguZhE gas=311451 latency=0.125s
20:28:56 | INFO     | trainer.federated            | Round 3 done in 21m 56.9s | comm=131.260 MB | evaluation skipped
20:28:56 | INFO     | trainer.federated            | ==============================================================================
20:28:56 | INFO     | trainer.federated            | Federated run complete: 3 round(s) in 1h 19m 52.9s | comm=393.500 MB | train=1h 06m 10.7s
20:28:56 | INFO     | trainer.federated            | ==============================================================================
20:28:57 | INFO     | fedchain                     | Final evaluation of /home/mann/FedChain/outputs/smollm2-360m/seed_42/exp5_noniid/round_3/global ...
20:28:59 | INFO     | evaluation.eval_loss         | Evaluation base model load took 1.48s
20:28:59 | INFO     | evaluation.eval_loss         | Attaching adapter /home/mann/FedChain/outputs/smollm2-360m/seed_42/exp5_noniid/round_3/global
20:28:59 | INFO     | evaluation.eval_loss         | Scoring 500 evaluation samples for loss ...
20:29:22 | INFO     | evaluation.eval_loss         |   100/500 scored | running loss=2.0009 ppl=7.3958
20:29:42 | INFO     | evaluation.eval_loss         |   200/500 scored | running loss=2.0177 ppl=7.5211
20:30:03 | INFO     | evaluation.eval_loss         |   300/500 scored | running loss=1.9956 ppl=7.3567
20:30:25 | INFO     | evaluation.eval_loss         |   400/500 scored | running loss=2.0068 ppl=7.4396
20:30:46 | INFO     | evaluation.eval_loss         |   500/500 scored | running loss=2.0252 ppl=7.5774
20:30:46 | INFO     | evaluation.eval_loss         | Generating 50 responses for ROUGE-L / BLEU ...
20:31:22 | INFO     | evaluation.eval_loss         |   generated 10/50
20:32:13 | INFO     | evaluation.eval_loss         |   generated 20/50
20:32:38 | INFO     | evaluation.eval_loss         |   generated 30/50
20:33:25 | INFO     | evaluation.eval_loss         |   generated 40/50
20:34:09 | INFO     | evaluation.eval_loss         |   generated 50/50
20:34:09 | INFO     | evaluation.eval_loss         | Generation quality over 50 samples: ROUGE-L=0.2269 BLEU=0.0329 (backend=builtin, 3m 22.7s)
20:34:09 | INFO     | evaluation.eval_loss         | Evaluation: loss=2.0252 ppl=7.5774 rougeL=0.2269 bleu=0.0329 over 88,069 tokens in 5m 11.2s
20:34:10 | INFO     | fedchain                     | ------------------------------------------------------------------------------
20:34:10 | INFO     | fedchain                     | COLLECTED METRICS
20:34:10 | INFO     | fedchain                     | ------------------------------------------------------------------------------
20:34:10 | INFO     | fedchain                     |   validation_loss               : 2.0252
20:34:10 | INFO     | fedchain                     |   perplexity                    : 7.5774
20:34:10 | INFO     | fedchain                     |   rouge_l                       : 0.2269
20:34:10 | INFO     | fedchain                     |   bleu                          : 0.0329
20:34:10 | INFO     | fedchain                     |   training_time_sec             : 3970.74
20:34:10 | INFO     | fedchain                     |   communication_volume_mb       : 393.500
20:34:10 | INFO     | fedchain                     |   adapter_size_mb               : 16.620
20:34:10 | INFO     | fedchain                     |   blockchain_tx_latency_sec     : 1.4843
20:34:10 | INFO     | fedchain                     |   blockchain_gas_used           : 3,785,372
20:34:10 | INFO     | fedchain                     |   ipfs_upload_latency_sec       : 17.6427
20:34:10 | INFO     | fedchain                     |   ipfs_download_latency_sec     : 2.9360
20:34:10 | INFO     | fedchain                     |   aggregation_time_sec          : 0.3016
20:34:10 | INFO     | fedchain                     |   end_to_end_round_duration_sec : 1597.35
20:34:10 | INFO     | fedchain                     |   total_round_time_sec          : 4792.06
20:34:10 | INFO     | fedchain                     | ------------------------------------------------------------------------------
20:34:10 | INFO     | fedchain                     | Detailed JSON report written to /home/mann/FedChain/results/smollm2-360m/seed_42/exp5_noniid_metrics.json
20:34:10 | INFO     | blockchain.logger            | Audit trail exported to /home/mann/FedChain/results/smollm2-360m/seed_42/exp5_noniid_audit_trail.json
20:34:10 | INFO     | ipfs.pinata_client           | IPFS transfer log exported to /home/mann/FedChain/results/smollm2-360m/seed_42/exp5_noniid_ipfs_transfers.json
